
Allocating common symbols
Common symbol       size              file

Alarm_Acutator_State_ID
                    0x1               obj/Alarm_Acutator.o
Pressure_Sensor_State
                    0x4               obj/main.o
Pressure_Sensor_State_ID
                    0x1               obj/main.o
Alarm_Acutator_State
                    0x4               obj/Alarm_Acutator.o
Main_Algo_State_ID  0x1               obj/main.o
Main_Algo_State     0x4               obj/main.o

Memory Configuration

Name             Origin             Length             Attributes
Flash            0x0000000008000000 0x0000000000020000 xr
Sram             0x0000000020000000 0x0000000000005000 xrw
*default*        0x0000000000000000 0xffffffffffffffff

Linker script and memory map


.vectors        0x0000000008000000       0x1c
 *(_Vectors)
 .vectors       0x0000000008000000       0x1c obj/startup.o
                0x0000000008000000                Vectors

.text           0x000000000800001c      0x3dc
 *(.text)
 .text          0x000000000800001c       0xb4 obj/Alarm_Acutator.o
                0x000000000800001c                State_Idle
                0x0000000008000040                State_Alarm_ON
                0x0000000008000070                State_ALarm_OFF
                0x0000000008000098                HighPressure_Detected
                0x00000000080000b4                NormalPressure_Detected
 .text          0x00000000080000d0       0xc4 obj/Led_Driver.o
                0x00000000080000d0                Delay
                0x00000000080000f0                getPressureVal
                0x0000000008000108                Set_Alarm_actuator
                0x0000000008000144                GPIO_INITIALIZATION
 .text          0x0000000008000194       0x60 obj/main.o
                0x0000000008000194                main
                0x00000000080001bc                setup
 .text          0x00000000080001f4       0xc8 obj/Main_Algo.o
                0x00000000080001f4                State_Get_Pval
                0x0000000008000218                State_Pressure_Comparing
                0x0000000008000258                State_HighPressure
                0x000000000800027c                State_NormalPressure
                0x00000000080002a0                Send_Pressure_Val
 .text          0x00000000080002bc       0x88 obj/Pressure_Sensor.o
                0x00000000080002bc                State_Reading_Pval
                0x00000000080002ec                State_Sending_Pval
                0x000000000800031c                State_Waiting
 .text          0x0000000008000344       0xb4 obj/startup.o
                0x0000000008000344                DATA_Section_Copying
                0x0000000008000394                BSS_Section_Init
                0x00000000080003d8                Reset_Handler
                0x00000000080003ec                NMI_Handler
                0x00000000080003ec                Default_Handler
                0x00000000080003ec                Usage_Fault_Handler
                0x00000000080003ec                Hard_Fault_Handler
                0x00000000080003ec                Memory_Management_Handler
                0x00000000080003ec                Bus_Fault_Handler

.glue_7         0x00000000080003f8        0x0
 .glue_7        0x00000000080003f8        0x0 linker stubs

.glue_7t        0x00000000080003f8        0x0
 .glue_7t       0x00000000080003f8        0x0 linker stubs

.vfp11_veneer   0x00000000080003f8        0x0
 .vfp11_veneer  0x00000000080003f8        0x0 linker stubs

.v4_bx          0x00000000080003f8        0x0
 .v4_bx         0x00000000080003f8        0x0 linker stubs

.iplt           0x00000000080003f8        0x0
 .iplt          0x00000000080003f8        0x0 obj/Alarm_Acutator.o

.rodata         0x00000000080003f8        0x8
 *(.rodata)
 .rodata        0x00000000080003f8        0x4 obj/Alarm_Acutator.o
                0x00000000080003f8                const_gAlarm_Timer
 .rodata        0x00000000080003fc        0x4 obj/Main_Algo.o
                0x00000000080003fc                const_gPval_Threshold
                0x0000000008000400                _E_RODATA = .

.rel.dyn        0x0000000008000400        0x0
 .rel.iplt      0x0000000008000400        0x0 obj/Alarm_Acutator.o

.data           0x0000000020000000        0x0 load address 0x0000000008000400
                0x0000000020000000                _S_DATA = .
 *(.data)
 .data          0x0000000020000000        0x0 obj/Alarm_Acutator.o
 .data          0x0000000020000000        0x0 obj/Led_Driver.o
 .data          0x0000000020000000        0x0 obj/main.o
 .data          0x0000000020000000        0x0 obj/Main_Algo.o
 .data          0x0000000020000000        0x0 obj/Pressure_Sensor.o
 .data          0x0000000020000000        0x0 obj/startup.o
                0x0000000020000000                _E_DATA = .

.igot.plt       0x0000000020000000        0x0 load address 0x0000000008000400
 .igot.plt      0x0000000020000000        0x0 obj/Alarm_Acutator.o

.bss            0x0000000020000000       0x1c load address 0x0000000008000400
                0x0000000020000000                _S_BSS = .
 *(.bss)
 .bss           0x0000000020000000        0x0 obj/Alarm_Acutator.o
 .bss           0x0000000020000000        0x0 obj/Led_Driver.o
 .bss           0x0000000020000000        0x0 obj/main.o
 .bss           0x0000000020000000        0x4 obj/Main_Algo.o
                0x0000000020000000                gMain_Algo_Pval
 .bss           0x0000000020000004        0x4 obj/Pressure_Sensor.o
                0x0000000020000004                gPressure_Sensor_Pval
 .bss           0x0000000020000008        0x0 obj/startup.o
 *(COMMON)
 COMMON         0x0000000020000008        0x8 obj/Alarm_Acutator.o
                0x0000000020000008                Alarm_Acutator_State_ID
                0x000000002000000c                Alarm_Acutator_State
 COMMON         0x0000000020000010        0xc obj/main.o
                0x0000000020000010                Pressure_Sensor_State
                0x0000000020000014                Pressure_Sensor_State_ID
                0x0000000020000015                Main_Algo_State_ID
                0x0000000020000018                Main_Algo_State
                0x000000002000001c                _E_BSS = .
                0x000000002000101c                Stack_Top = (. + 0x1000)
LOAD obj/Alarm_Acutator.o
LOAD obj/Led_Driver.o
LOAD obj/main.o
LOAD obj/Main_Algo.o
LOAD obj/Pressure_Sensor.o
LOAD obj/startup.o
OUTPUT(bin/Pressure_Detector_Project.elf elf32-littlearm)

.debug_info     0x0000000000000000     0x3582
 .debug_info    0x0000000000000000      0xa69 obj/Alarm_Acutator.o
 .debug_info    0x0000000000000a69      0xa05 obj/Led_Driver.o
 .debug_info    0x000000000000146e      0xa82 obj/main.o
 .debug_info    0x0000000000001ef0      0xa88 obj/Main_Algo.o
 .debug_info    0x0000000000002978      0xa2d obj/Pressure_Sensor.o
 .debug_info    0x00000000000033a5      0x1dd obj/startup.o

.debug_abbrev   0x0000000000000000      0x9f9
 .debug_abbrev  0x0000000000000000      0x1d4 obj/Alarm_Acutator.o
 .debug_abbrev  0x00000000000001d4      0x1de obj/Led_Driver.o
 .debug_abbrev  0x00000000000003b2      0x1c5 obj/main.o
 .debug_abbrev  0x0000000000000577      0x1ec obj/Main_Algo.o
 .debug_abbrev  0x0000000000000763      0x1ad obj/Pressure_Sensor.o
 .debug_abbrev  0x0000000000000910       0xe9 obj/startup.o

.debug_loc      0x0000000000000000      0x58c
 .debug_loc     0x0000000000000000      0x124 obj/Alarm_Acutator.o
 .debug_loc     0x0000000000000124      0x140 obj/Led_Driver.o
 .debug_loc     0x0000000000000264       0x58 obj/main.o
 .debug_loc     0x00000000000002bc      0x13c obj/Main_Algo.o
 .debug_loc     0x00000000000003f8       0x84 obj/Pressure_Sensor.o
 .debug_loc     0x000000000000047c      0x110 obj/startup.o

.debug_aranges  0x0000000000000000       0xc0
 .debug_aranges
                0x0000000000000000       0x20 obj/Alarm_Acutator.o
 .debug_aranges
                0x0000000000000020       0x20 obj/Led_Driver.o
 .debug_aranges
                0x0000000000000040       0x20 obj/main.o
 .debug_aranges
                0x0000000000000060       0x20 obj/Main_Algo.o
 .debug_aranges
                0x0000000000000080       0x20 obj/Pressure_Sensor.o
 .debug_aranges
                0x00000000000000a0       0x20 obj/startup.o

.debug_line     0x0000000000000000      0xfc2
 .debug_line    0x0000000000000000      0x2ea obj/Alarm_Acutator.o
 .debug_line    0x00000000000002ea      0x2d2 obj/Led_Driver.o
 .debug_line    0x00000000000005bc      0x233 obj/main.o
 .debug_line    0x00000000000007ef      0x2f1 obj/Main_Algo.o
 .debug_line    0x0000000000000ae0      0x2e6 obj/Pressure_Sensor.o
 .debug_line    0x0000000000000dc6      0x1fc obj/startup.o

.debug_str      0x0000000000000000      0x808
 .debug_str     0x0000000000000000      0x5b4 obj/Alarm_Acutator.o
                                        0x62d (size before relaxing)
 .debug_str     0x00000000000005b4       0x54 obj/Led_Driver.o
                                        0x5a9 (size before relaxing)
 .debug_str     0x0000000000000608       0x55 obj/main.o
                                        0x648 (size before relaxing)
 .debug_str     0x000000000000065d       0x98 obj/Main_Algo.o
                                        0x65d (size before relaxing)
 .debug_str     0x00000000000006f5       0x60 obj/Pressure_Sensor.o
                                        0x606 (size before relaxing)
 .debug_str     0x0000000000000755       0xb3 obj/startup.o
                                        0x223 (size before relaxing)

.comment        0x0000000000000000       0x7b
 .comment       0x0000000000000000       0x7b obj/Alarm_Acutator.o
                                         0x7c (size before relaxing)
 .comment       0x000000000000007b       0x7c obj/Led_Driver.o
 .comment       0x000000000000007b       0x7c obj/main.o
 .comment       0x000000000000007b       0x7c obj/Main_Algo.o
 .comment       0x000000000000007b       0x7c obj/Pressure_Sensor.o
 .comment       0x000000000000007b       0x7c obj/startup.o

.ARM.attributes
                0x0000000000000000       0x33
 .ARM.attributes
                0x0000000000000000       0x33 obj/Alarm_Acutator.o
 .ARM.attributes
                0x0000000000000033       0x33 obj/Led_Driver.o
 .ARM.attributes
                0x0000000000000066       0x33 obj/main.o
 .ARM.attributes
                0x0000000000000099       0x33 obj/Main_Algo.o
 .ARM.attributes
                0x00000000000000cc       0x33 obj/Pressure_Sensor.o
 .ARM.attributes
                0x00000000000000ff       0x33 obj/startup.o

.debug_frame    0x0000000000000000      0x33c
 .debug_frame   0x0000000000000000       0xa8 obj/Alarm_Acutator.o
 .debug_frame   0x00000000000000a8       0xa0 obj/Led_Driver.o
 .debug_frame   0x0000000000000148       0x48 obj/main.o
 .debug_frame   0x0000000000000190       0xb0 obj/Main_Algo.o
 .debug_frame   0x0000000000000240       0x64 obj/Pressure_Sensor.o
 .debug_frame   0x00000000000002a4       0x98 obj/startup.o
