
Memory Configuration

Name             Origin             Length             Attributes
Flash            0x0000000000000000 0x0000000020000000 xr
Sram             0x0000000020000000 0x0000000020000000 xrw
*default*        0x0000000000000000 0xffffffffffffffff

Linker script and memory map


.text           0x0000000000000000      0x140
 *(._Vectors)
 ._Vectors      0x0000000000000000       0x1c Startup.o
                0x0000000000000000                G_P_Fn
 *(.text)
 .text          0x000000000000001c       0x98 main.o
                0x000000000000001c                main
 .text          0x00000000000000b4       0x8c Startup.o
                0x00000000000000b4                _Reset
                0x0000000000000134                Hard_Fault_Handler
                0x0000000000000134                Bus_Fault_Handler
                0x0000000000000134                _Default_Handler
                0x0000000000000134                NMI_Handler
                0x0000000000000140                _E_Text = .

.glue_7         0x0000000000000140        0x0
 .glue_7        0x0000000000000140        0x0 linker stubs

.glue_7t        0x0000000000000140        0x0
 .glue_7t       0x0000000000000140        0x0 linker stubs

.vfp11_veneer   0x0000000000000140        0x0
 .vfp11_veneer  0x0000000000000140        0x0 linker stubs

.v4_bx          0x0000000000000140        0x0
 .v4_bx         0x0000000000000140        0x0 linker stubs

.iplt           0x0000000000000140        0x0
 .iplt          0x0000000000000140        0x0 main.o

.rel.dyn        0x0000000000000140        0x0
 .rel.iplt      0x0000000000000140        0x0 main.o

.data           0x0000000020000000        0x0 load address 0x0000000000000140
                0x0000000020000000                _S_Data = .
 *(.data)
 .data          0x0000000020000000        0x0 main.o
 .data          0x0000000020000000        0x0 Startup.o
                0x0000000020000000                . = ALIGN (0x4)
                0x0000000020000000                _E_Data = .

.igot.plt       0x0000000020000000        0x0 load address 0x0000000000000140
 .igot.plt      0x0000000020000000        0x0 main.o

.bss            0x0000000020000000      0x400 load address 0x0000000000000140
                0x0000000020000000                _S_Bss = .
 *(.bss)
 .bss           0x0000000020000000        0x0 main.o
 .bss           0x0000000020000000      0x400 Startup.o
                0x0000000020000400                _E_Bss = .
LOAD main.o
LOAD Startup.o
OUTPUT(Lab4_CortexM4.elf elf32-littlearm)

.debug_info     0x0000000000000000      0x27d
 .debug_info    0x0000000000000000       0xac main.o
 .debug_info    0x00000000000000ac      0x1d1 Startup.o

.debug_abbrev   0x0000000000000000      0x13d
 .debug_abbrev  0x0000000000000000       0x5a main.o
 .debug_abbrev  0x000000000000005a       0xe3 Startup.o

.debug_loc      0x0000000000000000       0xb4
 .debug_loc     0x0000000000000000       0x38 main.o
 .debug_loc     0x0000000000000038       0x7c Startup.o

.debug_aranges  0x0000000000000000       0x40
 .debug_aranges
                0x0000000000000000       0x20 main.o
 .debug_aranges
                0x0000000000000020       0x20 Startup.o

.debug_line     0x0000000000000000       0xf0
 .debug_line    0x0000000000000000       0x75 main.o
 .debug_line    0x0000000000000075       0x7b Startup.o

.debug_str      0x0000000000000000      0x1b0
 .debug_str     0x0000000000000000      0x136 main.o
                                        0x164 (size before relaxing)
 .debug_str     0x0000000000000136       0x7a Startup.o
                                        0x1d7 (size before relaxing)

.comment        0x0000000000000000       0x7b
 .comment       0x0000000000000000       0x7b main.o
                                         0x7c (size before relaxing)
 .comment       0x000000000000007b       0x7c Startup.o

.ARM.attributes
                0x0000000000000000       0x33
 .ARM.attributes
                0x0000000000000000       0x33 main.o
 .ARM.attributes
                0x0000000000000033       0x33 Startup.o

.debug_frame    0x0000000000000000       0x7c
 .debug_frame   0x0000000000000000       0x2c main.o
 .debug_frame   0x000000000000002c       0x50 Startup.o
