Archive member included to satisfy reference by file (symbol)

c:/st/stm32cubeide_1.4.0/stm32cubeide/plugins/com.st.stm32cube.ide.mcu.externaltools.gnu-tools-for-stm32.7-2018-q2-update.win32_1.4.0.202007081208/tools/bin/../lib/gcc/arm-none-eabi/7.3.1/../../../../arm-none-eabi/lib/thumb/v7-m\libc_nano.a(lib_a-errno.o)
                              Src/syscalls.o (__errno)
c:/st/stm32cubeide_1.4.0/stm32cubeide/plugins/com.st.stm32cube.ide.mcu.externaltools.gnu-tools-for-stm32.7-2018-q2-update.win32_1.4.0.202007081208/tools/bin/../lib/gcc/arm-none-eabi/7.3.1/../../../../arm-none-eabi/lib/thumb/v7-m\libc_nano.a(lib_a-exit.o)
                              c:/st/stm32cubeide_1.4.0/stm32cubeide/plugins/com.st.stm32cube.ide.mcu.externaltools.gnu-tools-for-stm32.7-2018-q2-update.win32_1.4.0.202007081208/tools/bin/../lib/gcc/arm-none-eabi/7.3.1/../../../../arm-none-eabi/lib/thumb/v7-m/crt0.o (exit)
c:/st/stm32cubeide_1.4.0/stm32cubeide/plugins/com.st.stm32cube.ide.mcu.externaltools.gnu-tools-for-stm32.7-2018-q2-update.win32_1.4.0.202007081208/tools/bin/../lib/gcc/arm-none-eabi/7.3.1/../../../../arm-none-eabi/lib/thumb/v7-m\libc_nano.a(lib_a-impure.o)
                              c:/st/stm32cubeide_1.4.0/stm32cubeide/plugins/com.st.stm32cube.ide.mcu.externaltools.gnu-tools-for-stm32.7-2018-q2-update.win32_1.4.0.202007081208/tools/bin/../lib/gcc/arm-none-eabi/7.3.1/../../../../arm-none-eabi/lib/thumb/v7-m\libc_nano.a(lib_a-exit.o) (_global_impure_ptr)
c:/st/stm32cubeide_1.4.0/stm32cubeide/plugins/com.st.stm32cube.ide.mcu.externaltools.gnu-tools-for-stm32.7-2018-q2-update.win32_1.4.0.202007081208/tools/bin/../lib/gcc/arm-none-eabi/7.3.1/../../../../arm-none-eabi/lib/thumb/v7-m\libc_nano.a(lib_a-init.o)
                              c:/st/stm32cubeide_1.4.0/stm32cubeide/plugins/com.st.stm32cube.ide.mcu.externaltools.gnu-tools-for-stm32.7-2018-q2-update.win32_1.4.0.202007081208/tools/bin/../lib/gcc/arm-none-eabi/7.3.1/../../../../arm-none-eabi/lib/thumb/v7-m/crt0.o (__libc_init_array)
c:/st/stm32cubeide_1.4.0/stm32cubeide/plugins/com.st.stm32cube.ide.mcu.externaltools.gnu-tools-for-stm32.7-2018-q2-update.win32_1.4.0.202007081208/tools/bin/../lib/gcc/arm-none-eabi/7.3.1/../../../../arm-none-eabi/lib/thumb/v7-m\libc_nano.a(lib_a-itoa.o)
                              STM32F103x6_Drivers/STM32F103x6_LCD_Driver/STM32F103x6_LCD_Driver.o (itoa)
c:/st/stm32cubeide_1.4.0/stm32cubeide/plugins/com.st.stm32cube.ide.mcu.externaltools.gnu-tools-for-stm32.7-2018-q2-update.win32_1.4.0.202007081208/tools/bin/../lib/gcc/arm-none-eabi/7.3.1/../../../../arm-none-eabi/lib/thumb/v7-m\libc_nano.a(lib_a-memset.o)
                              c:/st/stm32cubeide_1.4.0/stm32cubeide/plugins/com.st.stm32cube.ide.mcu.externaltools.gnu-tools-for-stm32.7-2018-q2-update.win32_1.4.0.202007081208/tools/bin/../lib/gcc/arm-none-eabi/7.3.1/../../../../arm-none-eabi/lib/thumb/v7-m/crt0.o (memset)
c:/st/stm32cubeide_1.4.0/stm32cubeide/plugins/com.st.stm32cube.ide.mcu.externaltools.gnu-tools-for-stm32.7-2018-q2-update.win32_1.4.0.202007081208/tools/bin/../lib/gcc/arm-none-eabi/7.3.1/../../../../arm-none-eabi/lib/thumb/v7-m\libc_nano.a(lib_a-snprintf.o)
                              STM32F103x6_Drivers/STM32F103x6_LCD_Driver/STM32F103x6_LCD_Driver.o (snprintf)
c:/st/stm32cubeide_1.4.0/stm32cubeide/plugins/com.st.stm32cube.ide.mcu.externaltools.gnu-tools-for-stm32.7-2018-q2-update.win32_1.4.0.202007081208/tools/bin/../lib/gcc/arm-none-eabi/7.3.1/../../../../arm-none-eabi/lib/thumb/v7-m\libc_nano.a(lib_a-utoa.o)
                              c:/st/stm32cubeide_1.4.0/stm32cubeide/plugins/com.st.stm32cube.ide.mcu.externaltools.gnu-tools-for-stm32.7-2018-q2-update.win32_1.4.0.202007081208/tools/bin/../lib/gcc/arm-none-eabi/7.3.1/../../../../arm-none-eabi/lib/thumb/v7-m\libc_nano.a(lib_a-itoa.o) (__utoa)
c:/st/stm32cubeide_1.4.0/stm32cubeide/plugins/com.st.stm32cube.ide.mcu.externaltools.gnu-tools-for-stm32.7-2018-q2-update.win32_1.4.0.202007081208/tools/bin/../lib/gcc/arm-none-eabi/7.3.1/../../../../arm-none-eabi/lib/thumb/v7-m\libc_nano.a(lib_a-nano-svfprintf.o)
                              c:/st/stm32cubeide_1.4.0/stm32cubeide/plugins/com.st.stm32cube.ide.mcu.externaltools.gnu-tools-for-stm32.7-2018-q2-update.win32_1.4.0.202007081208/tools/bin/../lib/gcc/arm-none-eabi/7.3.1/../../../../arm-none-eabi/lib/thumb/v7-m\libc_nano.a(lib_a-snprintf.o) (_svfprintf_r)
c:/st/stm32cubeide_1.4.0/stm32cubeide/plugins/com.st.stm32cube.ide.mcu.externaltools.gnu-tools-for-stm32.7-2018-q2-update.win32_1.4.0.202007081208/tools/bin/../lib/gcc/arm-none-eabi/7.3.1/../../../../arm-none-eabi/lib/thumb/v7-m\libc_nano.a(lib_a-nano-vfprintf_i.o)
                              c:/st/stm32cubeide_1.4.0/stm32cubeide/plugins/com.st.stm32cube.ide.mcu.externaltools.gnu-tools-for-stm32.7-2018-q2-update.win32_1.4.0.202007081208/tools/bin/../lib/gcc/arm-none-eabi/7.3.1/../../../../arm-none-eabi/lib/thumb/v7-m\libc_nano.a(lib_a-nano-svfprintf.o) (_printf_i)
[...]
Memory Configuration

Name             Origin             Length             Attributes
RAM              0x0000000020000000 0x0000000000002800 xrw
ROM              0x0000000008000000 0x0000000000008000 xr
*default*        0x0000000000000000 0xffffffffffffffff

Linker script and memory map

LOAD c:/st/stm32cubeide_1.4.0/stm32cubeide/plugins/com.st.stm32cube.ide.mcu.externaltools.gnu-tools-for-stm32.7-2018-q2-update.win32_1.4.0.202007081208/tools/bin/../lib/gcc/arm-none-eabi/7.3.1/thumb/v7-m/crti.o
LOAD c:/st/stm32cubeide_1.4.0/stm32cubeide/plugins/com.st.stm32cube.ide.mcu.externaltools.gnu-tools-for-stm32.7-2018-q2-update.win32_1.4.0.202007081208/tools/bin/../lib/gcc/arm-none-eabi/7.3.1/thumb/v7-m/crtbegin.o
LOAD c:/st/stm32cubeide_1.4.0/stm32cubeide/plugins/com.st.stm32cube.ide.mcu.externaltools.gnu-tools-for-stm32.7-2018-q2-update.win32_1.4.0.202007081208/tools/bin/../lib/gcc/arm-none-eabi/7.3.1/../../../../arm-none-eabi/lib/thumb/v7-m/crt0.o
LOAD STM32F103x6_Drivers/STM32F103x6_GPIO_Driver/STM32F103x6_GPIO_Driver.o
LOAD STM32F103x6_Drivers/STM32F103x6_Keypad_Driver/STM32F03x6_Keypad_Driver.o
LOAD STM32F103x6_Drivers/STM32F103x6_LCD_Driver/STM32F103x6_LCD_Driver.o
LOAD Src/main.o
LOAD Src/syscalls.o
LOAD Src/sysmem.o
LOAD Startup/startup_stm32f103c6tx.o
START GROUP
LOAD c:/st/stm32cubeide_1.4.0/stm32cubeide/plugins/com.st.stm32cube.ide.mcu.externaltools.gnu-tools-for-stm32.7-2018-q2-update.win32_1.4.0.202007081208/tools/bin/../lib/gcc/arm-none-eabi/7.3.1/../../../../arm-none-eabi/lib/thumb/v7-m\libc_nano.a
LOAD c:/st/stm32cubeide_1.4.0/stm32cubeide/plugins/com.st.stm32cube.ide.mcu.externaltools.gnu-tools-for-stm32.7-2018-q2-update.win32_1.4.0.202007081208/tools/bin/../lib/gcc/arm-none-eabi/7.3.1/../../../../arm-none-eabi/lib/thumb/v7-m\libm.a
END GROUP
START GROUP
LOAD c:/st/stm32cubeide_1.4.0/stm32cubeide/plugins/com.st.stm32cube.ide.mcu.externaltools.gnu-tools-for-stm32.7-2018-q2-update.win32_1.4.0.202007081208/tools/bin/../lib/gcc/arm-none-eabi/7.3.1/thumb/v7-m\libgcc.a
LOAD c:/st/stm32cubeide_1.4.0/stm32cubeide/plugins/com.st.stm32cube.ide.mcu.externaltools.gnu-tools-for-stm32.7-2018-q2-update.win32_1.4.0.202007081208/tools/bin/../lib/gcc/arm-none-eabi/7.3.1/../../../../arm-none-eabi/lib/thumb/v7-m\libg_nano.a
LOAD c:/st/stm32cubeide_1.4.0/stm32cubeide/plugins/com.st.stm32cube.ide.mcu.externaltools.gnu-tools-for-stm32.7-2018-q2-update.win32_1.4.0.202007081208/tools/bin/../lib/gcc/arm-none-eabi/7.3.1/../../../../arm-none-eabi/lib/thumb/v7-m\libc_nano.a
END GROUP
START GROUP
LOAD c:/st/stm32cubeide_1.4.0/stm32cubeide/plugins/com.st.stm32cube.ide.mcu.externaltools.gnu-tools-for-stm32.7-2018-q2-update.win32_1.4.0.202007081208/tools/bin/../lib/gcc/arm-none-eabi/7.3.1/thumb/v7-m\libgcc.a
LOAD c:/st/stm32cubeide_1.4.0/stm32cubeide/plugins/com.st.stm32cube.ide.mcu.externaltools.gnu-tools-for-stm32.7-2018-q2-update.win32_1.4.0.202007081208/tools/bin/../lib/gcc/arm-none-eabi/7.3.1/../../../../arm-none-eabi/lib/thumb/v7-m\libc_nano.a
LOAD c:/st/stm32cubeide_1.4.0/stm32cubeide/plugins/com.st.stm32cube.ide.mcu.externaltools.gnu-tools-for-stm32.7-2018-q2-update.win32_1.4.0.202007081208/tools/bin/../lib/gcc/arm-none-eabi/7.3.1/../../../../arm-none-eabi/lib/thumb/v7-m\libnosys.a
END GROUP
START GROUP
LOAD c:/st/stm32cubeide_1.4.0/stm32cubeide/plugins/com.st.stm32cube.ide.mcu.externaltools.gnu-tools-for-stm32.7-2018-q2-update.win32_1.4.0.202007081208/tools/bin/../lib/gcc/arm-none-eabi/7.3.1/thumb/v7-m\libgcc.a
LOAD c:/st/stm32cubeide_1.4.0/stm32cubeide/plugins/com.st.stm32cube.ide.mcu.externaltools.gnu-tools-for-stm32.7-2018-q2-update.win32_1.4.0.202007081208/tools/bin/../lib/gcc/arm-none-eabi/7.3.1/../../../../arm-none-eabi/lib/thumb/v7-m\libc_nano.a
LOAD c:/st/stm32cubeide_1.4.0/stm32cubeide/plugins/com.st.stm32cube.ide.mcu.externaltools.gnu-tools-for-stm32.7-2018-q2-update.win32_1.4.0.202007081208/tools/bin/../lib/gcc/arm-none-eabi/7.3.1/../../../../arm-none-eabi/lib/thumb/v7-m\libnosys.a
END GROUP
LOAD c:/st/stm32cubeide_1.4.0/stm32cubeide/plugins/com.st.stm32cube.ide.mcu.externaltools.gnu-tools-for-stm32.7-2018-q2-update.win32_1.4.0.202007081208/tools/bin/../lib/gcc/arm-none-eabi/7.3.1/thumb/v7-m/crtend.o
LOAD c:/st/stm32cubeide_1.4.0/stm32cubeide/plugins/com.st.stm32cube.ide.mcu.externaltools.gnu-tools-for-stm32.7-2018-q2-update.win32_1.4.0.202007081208/tools/bin/../lib/gcc/arm-none-eabi/7.3.1/thumb/v7-m/crtn.o
                0x0000000020002800                _estack = (ORIGIN (RAM) + LENGTH (RAM))
                0x0000000000000200                _Min_Heap_Size = 0x200
                0x0000000000000400                _Min_Stack_Size = 0x400

.isr_vector     0x0000000008000000      0x130
                0x0000000008000000                . = ALIGN (0x4)
 *(.isr_vector)
 .isr_vector    0x0000000008000000      0x130 Startup/startup_stm32f103c6tx.o
                0x0000000008000000                g_pfnVectors
                0x0000000008000130                . = ALIGN (0x4)

.text           0x0000000008000130      0xba8
                0x0000000008000130                . = ALIGN (0x4)
 *(.text)
 .text          0x0000000008000130       0x40 c:/st/stm32cubeide_1.4.0/stm32cubeide/plugins/com.st.stm32cube.ide.mcu.externaltools.gnu-tools-for-stm32.7-2018-q2-update.win32_1.4.0.202007081208/tools/bin/../lib/gcc/arm-none-eabi/7.3.1/thumb/v7-m/crtbegin.o
 *(.text*)
 .text.getShiftPosition
                0x0000000008000170       0xa4 STM32F103x6_Drivers/STM32F103x6_GPIO_Driver/STM32F103x6_GPIO_Driver.o
                0x0000000008000170                getShiftPosition
 .text.MCAL_GPIO_Init
                0x0000000008000214       0xe8 STM32F103x6_Drivers/STM32F103x6_GPIO_Driver/STM32F103x6_GPIO_Driver.o
                0x0000000008000214                MCAL_GPIO_Init
 .text.MCAL_GPIO_ReadPin
                0x00000000080002fc       0x34 STM32F103x6_Drivers/STM32F103x6_GPIO_Driver/STM32F103x6_GPIO_Driver.o
                0x00000000080002fc                MCAL_GPIO_ReadPin
 .text.MCAL_GPIO_WritePin
                0x0000000008000330       0x48 STM32F103x6_Drivers/STM32F103x6_GPIO_Driver/STM32F103x6_GPIO_Driver.o
                0x0000000008000330                MCAL_GPIO_WritePin
 .text.MCAL_GPIO_WritePartialPort
                0x0000000008000378       0x70 STM32F103x6_Drivers/STM32F103x6_GPIO_Driver/STM32F103x6_GPIO_Driver.o
                0x0000000008000378                MCAL_GPIO_WritePartialPort
 .text.HAL_Keypad_INIT
                0x00000000080003e8       0xf0 STM32F103x6_Drivers/STM32F103x6_Keypad_Driver/STM32F03x6_Keypad_Driver.o
                0x00000000080003e8                HAL_Keypad_INIT
 .text.HAL_Keypad_getCh
                0x00000000080004d8       0xa8 STM32F103x6_Drivers/STM32F103x6_Keypad_Driver/STM32F03x6_Keypad_Driver.o
                0x00000000080004d8                HAL_Keypad_getCh
 .text.My_Wait  0x0000000008000580       0x38 STM32F103x6_Drivers/STM32F103x6_LCD_Driver/STM32F103x6_LCD_Driver.o
                0x0000000008000580                My_Wait
 .text.getCtrlPinsPositions
                0x00000000080005b8       0x54 STM32F103x6_Drivers/STM32F103x6_LCD_Driver/STM32F103x6_LCD_Driver.o
                0x00000000080005b8                getCtrlPinsPositions
 .text.LCD_GPIO_Init
                0x000000000800060c      0x13c STM32F103x6_Drivers/STM32F103x6_LCD_Driver/STM32F103x6_LCD_Driver.o
                0x000000000800060c                LCD_GPIO_Init
 .text.HAL_LCD_Init
                0x0000000008000748       0x48 STM32F103x6_Drivers/STM32F103x6_LCD_Driver/STM32F103x6_LCD_Driver.o
                0x0000000008000748                HAL_LCD_Init
 .text.HAL_LCD_Clear_Screen
                0x0000000008000790       0x18 STM32F103x6_Drivers/STM32F103x6_LCD_Driver/STM32F103x6_LCD_Driver.o
                0x0000000008000790                HAL_LCD_Clear_Screen
 .text.HAL_LCD_WRITE_COMMAND
                0x00000000080007a8       0x8c STM32F103x6_Drivers/STM32F103x6_LCD_Driver/STM32F103x6_LCD_Driver.o
                0x00000000080007a8                HAL_LCD_WRITE_COMMAND
 .text.HAL_LCD_WRITE_CHAR
                0x0000000008000834       0xc0 STM32F103x6_Drivers/STM32F103x6_LCD_Driver/STM32F103x6_LCD_Driver.o
                0x0000000008000834                HAL_LCD_WRITE_CHAR
 .text.HAL_LCD_WRITE_STRING
                0x00000000080008f4       0x62 STM32F103x6_Drivers/STM32F103x6_LCD_Driver/STM32F103x6_LCD_Driver.o
                0x00000000080008f4                HAL_LCD_WRITE_STRING
 *fill*         0x0000000008000956        0x2 
 .text.HAL_LCD_Kick
                0x0000000008000958       0x40 STM32F103x6_Drivers/STM32F103x6_LCD_Driver/STM32F103x6_LCD_Driver.o
                0x0000000008000958                HAL_LCD_Kick
 .text.HAL_LCD_GOTO_XY
                0x0000000008000998       0x4e STM32F103x6_Drivers/STM32F103x6_LCD_Driver/STM32F103x6_LCD_Driver.o
                0x0000000008000998                HAL_LCD_GOTO_XY
 *fill*         0x00000000080009e6        0x2 
 .text.main     0x00000000080009e8       0x78 Src/main.o
                0x00000000080009e8                main
 .text.clock_init
                0x0000000008000a60       0x28 Src/main.o
                0x0000000008000a60                clock_init
 .text.SevenSeg_init
                0x0000000008000a88       0xac Src/main.o
                0x0000000008000a88                SevenSeg_init
 .text.display_count
                0x0000000008000b34       0x78 Src/main.o
                0x0000000008000b34                display_count
 .text.delay    0x0000000008000bac       0x46 Src/main.o
                0x0000000008000bac                delay
 *fill*         0x0000000008000bf2        0x2 
 .text.LCD_Init
                0x0000000008000bf4       0x30 Src/main.o
                0x0000000008000bf4                LCD_Init
 .text.Reset_Handler
                0x0000000008000c24       0x50 Startup/startup_stm32f103c6tx.o
                0x0000000008000c24                Reset_Handler
 .text.Default_Handler
                0x0000000008000c74        0x2 Startup/startup_stm32f103c6tx.o
                0x0000000008000c74                EXTI2_IRQHandler
                0x0000000008000c74                TIM8_TRG_COM_IRQHandler
                0x0000000008000c74                TIM8_CC_IRQHandler
                0x0000000008000c74                DebugMon_Handler
                0x0000000008000c74                TIM1_CC_IRQHandler
                0x0000000008000c74                HardFault_Handler
                0x0000000008000c74                TIM6_IRQHandler
                0x0000000008000c74                SysTick_Handler
                0x0000000008000c74                PVD_IRQHandler
                0x0000000008000c74                SDIO_IRQHandler
                0x0000000008000c74                PendSV_Handler
                0x0000000008000c74                NMI_Handler
                0x0000000008000c74                EXTI3_IRQHandler
                0x0000000008000c74                USB_HP_CAN_TX_IRQHandler
                0x0000000008000c74                EXTI0_IRQHandler
                0x0000000008000c74                I2C2_EV_IRQHandler
                0x0000000008000c74                UsageFault_Handler
                0x0000000008000c74                ADC1_2_IRQHandler
                0x0000000008000c74                SPI1_IRQHandler
                0x0000000008000c74                CAN_SCE_IRQHandler
                0x0000000008000c74                TAMPER_IRQHandler
                0x0000000008000c74                TIM8_UP_IRQHandler
                0x0000000008000c74                DMA2_Channel2_IRQHandler
                0x0000000008000c74                DMA1_Channel4_IRQHandler
                0x0000000008000c74                USART3_IRQHandler
                0x0000000008000c74                RTC_IRQHandler
                0x0000000008000c74                DMA1_Channel7_IRQHandler
                0x0000000008000c74                UART5_IRQHandler
                0x0000000008000c74                ADC3_IRQHandler
                0x0000000008000c74                TIM4_IRQHandler
                0x0000000008000c74                CAN_RX1_IRQHandler
                0x0000000008000c74                DMA2_Channel1_IRQHandler
                0x0000000008000c74                I2C1_EV_IRQHandler
                0x0000000008000c74                DMA1_Channel6_IRQHandler
                0x0000000008000c74                UART4_IRQHandler
                0x0000000008000c74                TIM3_IRQHandler
                0x0000000008000c74                RCC_IRQHandler
                0x0000000008000c74                TIM1_TRG_COM_IRQHandler
                0x0000000008000c74                DMA1_Channel1_IRQHandler
                0x0000000008000c74                Default_Handler
                0x0000000008000c74                EXTI15_10_IRQHandler
                0x0000000008000c74                TIM7_IRQHandler
                0x0000000008000c74                TIM5_IRQHandler
                0x0000000008000c74                EXTI9_5_IRQHandler
                0x0000000008000c74                SPI2_IRQHandler
                0x0000000008000c74                USB_LP_CAN_RX0_IRQHandler
                0x0000000008000c74                MemManage_Handler
                0x0000000008000c74                SVC_Handler
                0x0000000008000c74                DMA1_Channel5_IRQHandler
                0x0000000008000c74                EXTI4_IRQHandler
                0x0000000008000c74                DMA1_Channel3_IRQHandler
                0x0000000008000c74                FSMC_IRQHandler
                0x0000000008000c74                TIM1_UP_IRQHandler
                0x0000000008000c74                WWDG_IRQHandler
                0x0000000008000c74                TIM2_IRQHandler
                0x0000000008000c74                TIM1_BRK_IRQHandler
                0x0000000008000c74                EXTI1_IRQHandler
                0x0000000008000c74                RTCAlarm_IRQHandler
                0x0000000008000c74                DMA2_Channel4_5_IRQHandler
                0x0000000008000c74                USART2_IRQHandler
                0x0000000008000c74                I2C2_ER_IRQHandler
                0x0000000008000c74                DMA1_Channel2_IRQHandler
                0x0000000008000c74                TIM8_BRK_IRQHandler
                0x0000000008000c74                FLASH_IRQHandler
                0x0000000008000c74                BusFault_Handler
                0x0000000008000c74                USART1_IRQHandler
                0x0000000008000c74                SPI3_IRQHandler
                0x0000000008000c74                I2C1_ER_IRQHandler
                0x0000000008000c74                DMA2_Channel3_IRQHandler
 *fill*         0x0000000008000c76        0x2 
 .text.__libc_init_array
                0x0000000008000c78       0x48 c:/st/stm32cubeide_1.4.0/stm32cubeide/plugins/com.st.stm32cube.ide.mcu.externaltools.gnu-tools-for-stm32.7-2018-q2-update.win32_1.4.0.202007081208/tools/bin/../lib/gcc/arm-none-eabi/7.3.1/../../../../arm-none-eabi/lib/thumb/v7-m\libc_nano.a(lib_a-init.o)
                0x0000000008000c78                __libc_init_array
 *(.glue_7)
 .glue_7        0x0000000008000cc0        0x0 linker stubs
 *(.glue_7t)
 .glue_7t       0x0000000008000cc0        0x0 linker stubs
 *(.eh_frame)
 .eh_frame      0x0000000008000cc0        0x0 c:/st/stm32cubeide_1.4.0/stm32cubeide/plugins/com.st.stm32cube.ide.mcu.externaltools.gnu-tools-for-stm32.7-2018-q2-update.win32_1.4.0.202007081208/tools/bin/../lib/gcc/arm-none-eabi/7.3.1/thumb/v7-m/crtbegin.o
 *(.init)
 .init          0x0000000008000cc0        0x4 c:/st/stm32cubeide_1.4.0/stm32cubeide/plugins/com.st.stm32cube.ide.mcu.externaltools.gnu-tools-for-stm32.7-2018-q2-update.win32_1.4.0.202007081208/tools/bin/../lib/gcc/arm-none-eabi/7.3.1/thumb/v7-m/crti.o
                0x0000000008000cc0                _init
 .init          0x0000000008000cc4        0x8 c:/st/stm32cubeide_1.4.0/stm32cubeide/plugins/com.st.stm32cube.ide.mcu.externaltools.gnu-tools-for-stm32.7-2018-q2-update.win32_1.4.0.202007081208/tools/bin/../lib/gcc/arm-none-eabi/7.3.1/thumb/v7-m/crtn.o
 *(.fini)
 .fini          0x0000000008000ccc        0x4 c:/st/stm32cubeide_1.4.0/stm32cubeide/plugins/com.st.stm32cube.ide.mcu.externaltools.gnu-tools-for-stm32.7-2018-q2-update.win32_1.4.0.202007081208/tools/bin/../lib/gcc/arm-none-eabi/7.3.1/thumb/v7-m/crti.o
                0x0000000008000ccc                _fini
 .fini          0x0000000008000cd0        0x8 c:/st/stm32cubeide_1.4.0/stm32cubeide/plugins/com.st.stm32cube.ide.mcu.externaltools.gnu-tools-for-stm32.7-2018-q2-update.win32_1.4.0.202007081208/tools/bin/../lib/gcc/arm-none-eabi/7.3.1/thumb/v7-m/crtn.o
                0x0000000008000cd8                . = ALIGN (0x4)
                0x0000000008000cd8                _etext = .

.vfp11_veneer   0x0000000008000cd8        0x0
 .vfp11_veneer  0x0000000008000cd8        0x0 linker stubs

.v4_bx          0x0000000008000cd8        0x0
 .v4_bx         0x0000000008000cd8        0x0 linker stubs

.iplt           0x0000000008000cd8        0x0
 .iplt          0x0000000008000cd8        0x0 c:/st/stm32cubeide_1.4.0/stm32cubeide/plugins/com.st.stm32cube.ide.mcu.externaltools.gnu-tools-for-stm32.7-2018-q2-update.win32_1.4.0.202007081208/tools/bin/../lib/gcc/arm-none-eabi/7.3.1/thumb/v7-m/crtbegin.o

.rodata         0x0000000008000cd8       0x10
                0x0000000008000cd8                . = ALIGN (0x4)
 *(.rodata)
 .rodata        0x0000000008000cd8       0x10 Src/main.o
 *(.rodata*)
                0x0000000008000ce8                . = ALIGN (0x4)

.rel.dyn        0x0000000008000ce8        0x0
 .rel.iplt      0x0000000008000ce8        0x0 c:/st/stm32cubeide_1.4.0/stm32cubeide/plugins/com.st.stm32cube.ide.mcu.externaltools.gnu-tools-for-stm32.7-2018-q2-update.win32_1.4.0.202007081208/tools/bin/../lib/gcc/arm-none-eabi/7.3.1/thumb/v7-m/crtbegin.o

.ARM.extab      0x0000000008000ce8        0x0
                0x0000000008000ce8                . = ALIGN (0x4)
 *(.ARM.extab* .gnu.linkonce.armextab.*)
                0x0000000008000ce8                . = ALIGN (0x4)

.ARM            0x0000000008000ce8        0x0
                0x0000000008000ce8                . = ALIGN (0x4)
                0x0000000008000ce8                __exidx_start = .
 *(.ARM.exidx*)
                0x0000000008000ce8                __exidx_end = .
                0x0000000008000ce8                . = ALIGN (0x4)

.preinit_array  0x0000000008000ce8        0x0
                0x0000000008000ce8                . = ALIGN (0x4)
                0x0000000008000ce8                PROVIDE (__preinit_array_start = .)
 *(.preinit_array*)
                0x0000000008000ce8                PROVIDE (__preinit_array_end = .)
                0x0000000008000ce8                . = ALIGN (0x4)

.init_array     0x0000000008000ce8        0x4
                0x0000000008000ce8                . = ALIGN (0x4)
                0x0000000008000ce8                PROVIDE (__init_array_start = .)
 *(SORT_BY_NAME(.init_array.*))
 *(.init_array*)
 .init_array    0x0000000008000ce8        0x4 c:/st/stm32cubeide_1.4.0/stm32cubeide/plugins/com.st.stm32cube.ide.mcu.externaltools.gnu-tools-for-stm32.7-2018-q2-update.win32_1.4.0.202007081208/tools/bin/../lib/gcc/arm-none-eabi/7.3.1/thumb/v7-m/crtbegin.o
                0x0000000008000cec                PROVIDE (__init_array_end = .)
                0x0000000008000cec                . = ALIGN (0x4)

.fini_array     0x0000000008000cec        0x4
                0x0000000008000cec                . = ALIGN (0x4)
                [!provide]                        PROVIDE (__fini_array_start = .)
 *(SORT_BY_NAME(.fini_array.*))
 *(.fini_array*)
 .fini_array    0x0000000008000cec        0x4 c:/st/stm32cubeide_1.4.0/stm32cubeide/plugins/com.st.stm32cube.ide.mcu.externaltools.gnu-tools-for-stm32.7-2018-q2-update.win32_1.4.0.202007081208/tools/bin/../lib/gcc/arm-none-eabi/7.3.1/thumb/v7-m/crtbegin.o
                [!provide]                        PROVIDE (__fini_array_end = .)
                0x0000000008000cf0                . = ALIGN (0x4)
                0x0000000008000cf0                _sidata = LOADADDR (.data)

.data           0x0000000020000000       0x24 load address 0x0000000008000cf0
                0x0000000020000000                . = ALIGN (0x4)
                0x0000000020000000                _sdata = .
 *(.data)
 *(.data*)
 .data.Keypad_Character
                0x0000000020000000       0x10 STM32F103x6_Drivers/STM32F103x6_Keypad_Driver/STM32F03x6_Keypad_Driver.o
 .data.Keypad_Row_Pins
                0x0000000020000010        0x4 STM32F103x6_Drivers/STM32F103x6_Keypad_Driver/STM32F03x6_Keypad_Driver.o
 .data.Keypad_Col_Pins
                0x0000000020000014        0x4 STM32F103x6_Drivers/STM32F103x6_Keypad_Driver/STM32F03x6_Keypad_Driver.o
 .data.sevenSegNumCodes
                0x0000000020000018        0xa Src/main.o
                0x0000000020000018                sevenSegNumCodes
                0x0000000020000024                . = ALIGN (0x4)
 *fill*         0x0000000020000022        0x2 
                0x0000000020000024                _edata = .

.igot.plt       0x0000000020000024        0x0 load address 0x0000000008000d14
 .igot.plt      0x0000000020000024        0x0 c:/st/stm32cubeide_1.4.0/stm32cubeide/plugins/com.st.stm32cube.ide.mcu.externaltools.gnu-tools-for-stm32.7-2018-q2-update.win32_1.4.0.202007081208/tools/bin/../lib/gcc/arm-none-eabi/7.3.1/thumb/v7-m/crtbegin.o
                0x0000000020000024                . = ALIGN (0x4)

.bss            0x0000000020000024       0x30 load address 0x0000000008000d14
                0x0000000020000024                _sbss = .
                0x0000000020000024                __bss_start__ = _sbss
 *(.bss)
 .bss           0x0000000020000024       0x1c c:/st/stm32cubeide_1.4.0/stm32cubeide/plugins/com.st.stm32cube.ide.mcu.externaltools.gnu-tools-for-stm32.7-2018-q2-update.win32_1.4.0.202007081208/tools/bin/../lib/gcc/arm-none-eabi/7.3.1/thumb/v7-m/crtbegin.o
 *(.bss*)
 .bss.RS_Pos    0x0000000020000040        0x1 STM32F103x6_Drivers/STM32F103x6_LCD_Driver/STM32F103x6_LCD_Driver.o
                0x0000000020000040                RS_Pos
 .bss.RW_Pos    0x0000000020000041        0x1 STM32F103x6_Drivers/STM32F103x6_LCD_Driver/STM32F103x6_LCD_Driver.o
                0x0000000020000041                RW_Pos
 .bss.EN_Pos    0x0000000020000042        0x1 STM32F103x6_Drivers/STM32F103x6_LCD_Driver/STM32F103x6_LCD_Driver.o
                0x0000000020000042                EN_Pos
 .bss.tracker.5766
                0x0000000020000043        0x1 STM32F103x6_Drivers/STM32F103x6_LCD_Driver/STM32F103x6_LCD_Driver.o
 *(COMMON)
 COMMON         0x0000000020000044        0x4 STM32F103x6_Drivers/STM32F103x6_Keypad_Driver/STM32F03x6_Keypad_Driver.o
                0x0000000020000044                pinConfig
 COMMON         0x0000000020000048        0xc Src/main.o
                0x0000000020000048                LCD
                0x0000000020000054                . = ALIGN (0x4)
                0x0000000020000054                _ebss = .
                0x0000000020000054                __bss_end__ = _ebss

._user_heap_stack
                0x0000000020000054      0x604 load address 0x0000000008000d14
                0x0000000020000058                . = ALIGN (0x8)
 *fill*         0x0000000020000054        0x4 
                [!provide]                        PROVIDE (end = .)
                0x0000000020000058                PROVIDE (_end = .)
                0x0000000020000258                . = (. + _Min_Heap_Size)
 *fill*         0x0000000020000058      0x200 
                0x0000000020000658                . = (. + _Min_Stack_Size)
 *fill*         0x0000000020000258      0x400 
                0x0000000020000658                . = ALIGN (0x8)

/DISCARD/
 libc.a(*)
 libm.a(*)
 libgcc.a(*)

.ARM.attributes
                0x0000000000000000       0x29
 *(.ARM.attributes)
 .ARM.attributes
                0x0000000000000000       0x1d c:/st/stm32cubeide_1.4.0/stm32cubeide/plugins/com.st.stm32cube.ide.mcu.externaltools.gnu-tools-for-stm32.7-2018-q2-update.win32_1.4.0.202007081208/tools/bin/../lib/gcc/arm-none-eabi/7.3.1/thumb/v7-m/crti.o
 .ARM.attributes
                0x000000000000001d       0x2d c:/st/stm32cubeide_1.4.0/stm32cubeide/plugins/com.st.stm32cube.ide.mcu.externaltools.gnu-tools-for-stm32.7-2018-q2-update.win32_1.4.0.202007081208/tools/bin/../lib/gcc/arm-none-eabi/7.3.1/thumb/v7-m/crtbegin.o
 .ARM.attributes
                0x000000000000004a       0x33 STM32F103x6_Drivers/STM32F103x6_GPIO_Driver/STM32F103x6_GPIO_Driver.o
 .ARM.attributes
                0x000000000000007d       0x33 STM32F103x6_Drivers/STM32F103x6_Keypad_Driver/STM32F03x6_Keypad_Driver.o
 .ARM.attributes
                0x00000000000000b0       0x33 STM32F103x6_Drivers/STM32F103x6_LCD_Driver/STM32F103x6_LCD_Driver.o
 .ARM.attributes
                0x00000000000000e3       0x33 Src/main.o
 .ARM.attributes
                0x0000000000000116       0x21 Startup/startup_stm32f103c6tx.o
 .ARM.attributes
                0x0000000000000137       0x2d c:/st/stm32cubeide_1.4.0/stm32cubeide/plugins/com.st.stm32cube.ide.mcu.externaltools.gnu-tools-for-stm32.7-2018-q2-update.win32_1.4.0.202007081208/tools/bin/../lib/gcc/arm-none-eabi/7.3.1/../../../../arm-none-eabi/lib/thumb/v7-m\libc_nano.a(lib_a-init.o)
 .ARM.attributes
                0x0000000000000164       0x1d c:/st/stm32cubeide_1.4.0/stm32cubeide/plugins/com.st.stm32cube.ide.mcu.externaltools.gnu-tools-for-stm32.7-2018-q2-update.win32_1.4.0.202007081208/tools/bin/../lib/gcc/arm-none-eabi/7.3.1/thumb/v7-m/crtn.o
OUTPUT(STM32_Drivers.elf elf32-littlearm)

.debug_info     0x0000000000000000     0x35a9
 .debug_info    0x0000000000000000      0xe00 STM32F103x6_Drivers/STM32F103x6_GPIO_Driver/STM32F103x6_GPIO_Driver.o
 .debug_info    0x0000000000000e00      0xb9d STM32F103x6_Drivers/STM32F103x6_Keypad_Driver/STM32F03x6_Keypad_Driver.o
 .debug_info    0x000000000000199d      0xf16 STM32F103x6_Drivers/STM32F103x6_LCD_Driver/STM32F103x6_LCD_Driver.o
 .debug_info    0x00000000000028b3      0xcd4 Src/main.o
 .debug_info    0x0000000000003587       0x22 Startup/startup_stm32f103c6tx.o

.debug_abbrev   0x0000000000000000      0x861
 .debug_abbrev  0x0000000000000000      0x221 STM32F103x6_Drivers/STM32F103x6_GPIO_Driver/STM32F103x6_GPIO_Driver.o
 .debug_abbrev  0x0000000000000221      0x1d8 STM32F103x6_Drivers/STM32F103x6_Keypad_Driver/STM32F03x6_Keypad_Driver.o
 .debug_abbrev  0x00000000000003f9      0x24a STM32F103x6_Drivers/STM32F103x6_LCD_Driver/STM32F103x6_LCD_Driver.o
 .debug_abbrev  0x0000000000000643      0x20c Src/main.o
 .debug_abbrev  0x000000000000084f       0x12 Startup/startup_stm32f103c6tx.o

.debug_loc      0x0000000000000000      0xa31
 .debug_loc     0x0000000000000000      0x38c STM32F103x6_Drivers/STM32F103x6_GPIO_Driver/STM32F103x6_GPIO_Driver.o
 .debug_loc     0x000000000000038c       0xd8 STM32F103x6_Drivers/STM32F103x6_Keypad_Driver/STM32F03x6_Keypad_Driver.o
 .debug_loc     0x0000000000000464      0x429 STM32F103x6_Drivers/STM32F103x6_LCD_Driver/STM32F103x6_LCD_Driver.o
 .debug_loc     0x000000000000088d      0x1a4 Src/main.o

.debug_aranges  0x0000000000000000      0x188
 .debug_aranges
                0x0000000000000000       0x68 STM32F103x6_Drivers/STM32F103x6_GPIO_Driver/STM32F103x6_GPIO_Driver.o
 .debug_aranges
                0x0000000000000068       0x30 STM32F103x6_Drivers/STM32F103x6_Keypad_Driver/STM32F03x6_Keypad_Driver.o
 .debug_aranges
                0x0000000000000098       0x80 STM32F103x6_Drivers/STM32F103x6_LCD_Driver/STM32F103x6_LCD_Driver.o
 .debug_aranges
                0x0000000000000118       0x48 Src/main.o
 .debug_aranges
                0x0000000000000160       0x28 Startup/startup_stm32f103c6tx.o

.debug_ranges   0x0000000000000000      0x140
 .debug_ranges  0x0000000000000000       0x58 STM32F103x6_Drivers/STM32F103x6_GPIO_Driver/STM32F103x6_GPIO_Driver.o
 .debug_ranges  0x0000000000000058       0x20 STM32F103x6_Drivers/STM32F103x6_Keypad_Driver/STM32F03x6_Keypad_Driver.o
 .debug_ranges  0x0000000000000078       0x70 STM32F103x6_Drivers/STM32F103x6_LCD_Driver/STM32F103x6_LCD_Driver.o
 .debug_ranges  0x00000000000000e8       0x38 Src/main.o
 .debug_ranges  0x0000000000000120       0x20 Startup/startup_stm32f103c6tx.o

.debug_macro    0x0000000000000000     0x282c
 .debug_macro   0x0000000000000000      0x1fa STM32F103x6_Drivers/STM32F103x6_GPIO_Driver/STM32F103x6_GPIO_Driver.o
 .debug_macro   0x00000000000001fa      0xa60 STM32F103x6_Drivers/STM32F103x6_GPIO_Driver/STM32F103x6_GPIO_Driver.o
 .debug_macro   0x0000000000000c5a       0x22 STM32F103x6_Drivers/STM32F103x6_GPIO_Driver/STM32F103x6_GPIO_Driver.o
 .debug_macro   0x0000000000000c7c       0x8e STM32F103x6_Drivers/STM32F103x6_GPIO_Driver/STM32F103x6_GPIO_Driver.o
 .debug_macro   0x0000000000000d0a       0x51 STM32F103x6_Drivers/STM32F103x6_GPIO_Driver/STM32F103x6_GPIO_Driver.o
 .debug_macro   0x0000000000000d5b       0xef STM32F103x6_Drivers/STM32F103x6_GPIO_Driver/STM32F103x6_GPIO_Driver.o
 .debug_macro   0x0000000000000e4a       0x6a STM32F103x6_Drivers/STM32F103x6_GPIO_Driver/STM32F103x6_GPIO_Driver.o
 .debug_macro   0x0000000000000eb4      0x1df STM32F103x6_Drivers/STM32F103x6_GPIO_Driver/STM32F103x6_GPIO_Driver.o
 .debug_macro   0x0000000000001093       0x1c STM32F103x6_Drivers/STM32F103x6_GPIO_Driver/STM32F103x6_GPIO_Driver.o
 .debug_macro   0x00000000000010af       0x46 STM32F103x6_Drivers/STM32F103x6_GPIO_Driver/STM32F103x6_GPIO_Driver.o
 .debug_macro   0x00000000000010f5       0x18 STM32F103x6_Drivers/STM32F103x6_GPIO_Driver/STM32F103x6_GPIO_Driver.o
 .debug_macro   0x000000000000110d       0x3c STM32F103x6_Drivers/STM32F103x6_GPIO_Driver/STM32F103x6_GPIO_Driver.o
 .debug_macro   0x0000000000001149       0x34 STM32F103x6_Drivers/STM32F103x6_GPIO_Driver/STM32F103x6_GPIO_Driver.o
 .debug_macro   0x000000000000117d       0x16 STM32F103x6_Drivers/STM32F103x6_GPIO_Driver/STM32F103x6_GPIO_Driver.o
 .debug_macro   0x0000000000001193       0x97 STM32F103x6_Drivers/STM32F103x6_GPIO_Driver/STM32F103x6_GPIO_Driver.o
 .debug_macro   0x000000000000122a      0x330 STM32F103x6_Drivers/STM32F103x6_GPIO_Driver/STM32F103x6_GPIO_Driver.o
 .debug_macro   0x000000000000155a       0xfd STM32F103x6_Drivers/STM32F103x6_GPIO_Driver/STM32F103x6_GPIO_Driver.o
 .debug_macro   0x0000000000001657       0x10 STM32F103x6_Drivers/STM32F103x6_GPIO_Driver/STM32F103x6_GPIO_Driver.o
 .debug_macro   0x0000000000001667       0x52 STM32F103x6_Drivers/STM32F103x6_GPIO_Driver/STM32F103x6_GPIO_Driver.o
 .debug_macro   0x00000000000016b9       0x1f STM32F103x6_Drivers/STM32F103x6_GPIO_Driver/STM32F103x6_GPIO_Driver.o
 .debug_macro   0x00000000000016d8       0x43 STM32F103x6_Drivers/STM32F103x6_GPIO_Driver/STM32F103x6_GPIO_Driver.o
 .debug_macro   0x000000000000171b       0x20 STM32F103x6_Drivers/STM32F103x6_GPIO_Driver/STM32F103x6_GPIO_Driver.o
 .debug_macro   0x000000000000173b      0x1a3 STM32F103x6_Drivers/STM32F103x6_GPIO_Driver/STM32F103x6_GPIO_Driver.o
 .debug_macro   0x00000000000018de       0x10 STM32F103x6_Drivers/STM32F103x6_GPIO_Driver/STM32F103x6_GPIO_Driver.o
 .debug_macro   0x00000000000018ee       0x1c STM32F103x6_Drivers/STM32F103x6_GPIO_Driver/STM32F103x6_GPIO_Driver.o
 .debug_macro   0x000000000000190a       0x52 STM32F103x6_Drivers/STM32F103x6_GPIO_Driver/STM32F103x6_GPIO_Driver.o
 .debug_macro   0x000000000000195c       0x40 STM32F103x6_Drivers/STM32F103x6_GPIO_Driver/STM32F103x6_GPIO_Driver.o
 .debug_macro   0x000000000000199c       0x10 STM32F103x6_Drivers/STM32F103x6_GPIO_Driver/STM32F103x6_GPIO_Driver.o
 .debug_macro   0x00000000000019ac       0x40 STM32F103x6_Drivers/STM32F103x6_GPIO_Driver/STM32F103x6_GPIO_Driver.o
 .debug_macro   0x00000000000019ec       0xd7 STM32F103x6_Drivers/STM32F103x6_GPIO_Driver/STM32F103x6_GPIO_Driver.o
 .debug_macro   0x0000000000001ac3       0x1c STM32F103x6_Drivers/STM32F103x6_GPIO_Driver/STM32F103x6_GPIO_Driver.o
 .debug_macro   0x0000000000001adf       0x3d STM32F103x6_Drivers/STM32F103x6_GPIO_Driver/STM32F103x6_GPIO_Driver.o
 .debug_macro   0x0000000000001b1c       0x16 STM32F103x6_Drivers/STM32F103x6_GPIO_Driver/STM32F103x6_GPIO_Driver.o
 .debug_macro   0x0000000000001b32      0x145 STM32F103x6_Drivers/STM32F103x6_GPIO_Driver/STM32F103x6_GPIO_Driver.o
 .debug_macro   0x0000000000001c77       0x9e STM32F103x6_Drivers/STM32F103x6_GPIO_Driver/STM32F103x6_GPIO_Driver.o
 .debug_macro   0x0000000000001d15       0x2e STM32F103x6_Drivers/STM32F103x6_GPIO_Driver/STM32F103x6_GPIO_Driver.o
 .debug_macro   0x0000000000001d43       0xd0 STM32F103x6_Drivers/STM32F103x6_GPIO_Driver/STM32F103x6_GPIO_Driver.o
 .debug_macro   0x0000000000001e13      0x1ff STM32F103x6_Drivers/STM32F103x6_Keypad_Driver/STM32F03x6_Keypad_Driver.o
 .debug_macro   0x0000000000002012       0x40 STM32F103x6_Drivers/STM32F103x6_Keypad_Driver/STM32F03x6_Keypad_Driver.o
 .debug_macro   0x0000000000002052       0x94 STM32F103x6_Drivers/STM32F103x6_Keypad_Driver/STM32F03x6_Keypad_Driver.o
 .debug_macro   0x00000000000020e6       0x57 STM32F103x6_Drivers/STM32F103x6_Keypad_Driver/STM32F03x6_Keypad_Driver.o
 .debug_macro   0x000000000000213d       0x1c STM32F103x6_Drivers/STM32F103x6_Keypad_Driver/STM32F03x6_Keypad_Driver.o
 .debug_macro   0x0000000000002159       0x46 STM32F103x6_Drivers/STM32F103x6_Keypad_Driver/STM32F03x6_Keypad_Driver.o
 .debug_macro   0x000000000000219f      0x233 STM32F103x6_Drivers/STM32F103x6_LCD_Driver/STM32F103x6_LCD_Driver.o
 .debug_macro   0x00000000000023d2       0xbe STM32F103x6_Drivers/STM32F103x6_LCD_Driver/STM32F103x6_LCD_Driver.o
 .debug_macro   0x0000000000002490       0x16 STM32F103x6_Drivers/STM32F103x6_LCD_Driver/STM32F103x6_LCD_Driver.o
 .debug_macro   0x00000000000024a6       0x35 STM32F103x6_Drivers/STM32F103x6_LCD_Driver/STM32F103x6_LCD_Driver.o
 .debug_macro   0x00000000000024db       0x16 STM32F103x6_Drivers/STM32F103x6_LCD_Driver/STM32F103x6_LCD_Driver.o
 .debug_macro   0x00000000000024f1       0x29 STM32F103x6_Drivers/STM32F103x6_LCD_Driver/STM32F103x6_LCD_Driver.o
 .debug_macro   0x000000000000251a      0x202 Src/main.o
 .debug_macro   0x000000000000271c       0x4c Src/main.o
 .debug_macro   0x0000000000002768       0xc4 Src/main.o

.debug_line     0x0000000000000000     0x206f
 .debug_line    0x0000000000000000      0x784 STM32F103x6_Drivers/STM32F103x6_GPIO_Driver/STM32F103x6_GPIO_Driver.o
 .debug_line    0x0000000000000784      0x782 STM32F103x6_Drivers/STM32F103x6_Keypad_Driver/STM32F03x6_Keypad_Driver.o
 .debug_line    0x0000000000000f06      0x8e3 STM32F103x6_Drivers/STM32F103x6_LCD_Driver/STM32F103x6_LCD_Driver.o
 .debug_line    0x00000000000017e9      0x802 Src/main.o
 .debug_line    0x0000000000001feb       0x84 Startup/startup_stm32f103c6tx.o

.debug_str      0x0000000000000000     0x8f34
 .debug_str     0x0000000000000000     0x86a8 STM32F103x6_Drivers/STM32F103x6_GPIO_Driver/STM32F103x6_GPIO_Driver.o
                                       0x8915 (size before relaxing)
 .debug_str     0x00000000000086a8      0x1ba STM32F103x6_Drivers/STM32F103x6_Keypad_Driver/STM32F03x6_Keypad_Driver.o
                                       0x891a (size before relaxing)
 .debug_str     0x0000000000008862      0x62a STM32F103x6_Drivers/STM32F103x6_LCD_Driver/STM32F103x6_LCD_Driver.o
                                       0x8d9d (size before relaxing)
 .debug_str     0x0000000000008e8c       0x77 Src/main.o
                                       0x8c9c (size before relaxing)
 .debug_str     0x0000000000008f03       0x31 Startup/startup_stm32f103c6tx.o
                                         0x71 (size before relaxing)

.comment        0x0000000000000000       0x7b
 .comment       0x0000000000000000       0x7b STM32F103x6_Drivers/STM32F103x6_GPIO_Driver/STM32F103x6_GPIO_Driver.o
                                         0x7c (size before relaxing)
 .comment       0x000000000000007b       0x7c STM32F103x6_Drivers/STM32F103x6_Keypad_Driver/STM32F03x6_Keypad_Driver.o
 .comment       0x000000000000007b       0x7c STM32F103x6_Drivers/STM32F103x6_LCD_Driver/STM32F103x6_LCD_Driver.o
 .comment       0x000000000000007b       0x7c Src/main.o

.debug_frame    0x0000000000000000      0x50c
 .debug_frame   0x0000000000000000      0x19c STM32F103x6_Drivers/STM32F103x6_GPIO_Driver/STM32F103x6_GPIO_Driver.o
 .debug_frame   0x000000000000019c       0x78 STM32F103x6_Drivers/STM32F103x6_Keypad_Driver/STM32F03x6_Keypad_Driver.o
 .debug_frame   0x0000000000000214      0x1f0 STM32F103x6_Drivers/STM32F103x6_LCD_Driver/STM32F103x6_LCD_Driver.o
 .debug_frame   0x0000000000000404       0xdc Src/main.o
 .debug_frame   0x00000000000004e0       0x2c c:/st/stm32cubeide_1.4.0/stm32cubeide/plugins/com.st.stm32cube.ide.mcu.externaltools.gnu-tools-for-stm32.7-2018-q2-update.win32_1.4.0.202007081208/tools/bin/../lib/gcc/arm-none-eabi/7.3.1/../../../../arm-none-eabi/lib/thumb/v7-m\libc_nano.a(lib_a-init.o)
