Archive member included to satisfy reference by file (symbol)

c:/st/stm32cubeide_1.4.0/stm32cubeide/plugins/com.st.stm32cube.ide.mcu.externaltools.gnu-tools-for-stm32.7-2018-q2-update.win32_1.4.0.202007081208/tools/bin/../lib/gcc/arm-none-eabi/7.3.1/../../../../arm-none-eabi/lib/thumb/v7-m\libc_nano.a(lib_a-errno.o)
                              Src/syscalls.o (__errno)
c:/st/stm32cubeide_1.4.0/stm32cubeide/plugins/com.st.stm32cube.ide.mcu.externaltools.gnu-tools-for-stm32.7-2018-q2-update.win32_1.4.0.202007081208/tools/bin/../lib/gcc/arm-none-eabi/7.3.1/../../../../arm-none-eabi/lib/thumb/v7-m\libc_nano.a(lib_a-exit.o)
                              c:/st/stm32cubeide_1.4.0/stm32cubeide/plugins/com.st.stm32cube.ide.mcu.externaltools.gnu-tools-for-stm32.7-2018-q2-update.win32_1.4.0.202007081208/tools/bin/../lib/gcc/arm-none-eabi/7.3.1/../../../../arm-none-eabi/lib/thumb/v7-m/crt0.o (exit)
c:/st/stm32cubeide_1.4.0/stm32cubeide/plugins/com.st.stm32cube.ide.mcu.externaltools.gnu-tools-for-stm32.7-2018-q2-update.win32_1.4.0.202007081208/tools/bin/../lib/gcc/arm-none-eabi/7.3.1/../../../../arm-none-eabi/lib/thumb/v7-m\libc_nano.a(lib_a-impure.o)
                              c:/st/stm32cubeide_1.4.0/stm32cubeide/plugins/com.st.stm32cube.ide.mcu.externaltools.gnu-tools-for-stm32.7-2018-q2-update.win32_1.4.0.202007081208/tools/bin/../lib/gcc/arm-none-eabi/7.3.1/../../../../arm-none-eabi/lib/thumb/v7-m\libc_nano.a(lib_a-exit.o) (_global_impure_ptr)
c:/st/stm32cubeide_1.4.0/stm32cubeide/plugins/com.st.stm32cube.ide.mcu.externaltools.gnu-tools-for-stm32.7-2018-q2-update.win32_1.4.0.202007081208/tools/bin/../lib/gcc/arm-none-eabi/7.3.1/../../../../arm-none-eabi/lib/thumb/v7-m\libc_nano.a(lib_a-init.o)
                              c:/st/stm32cubeide_1.4.0/stm32cubeide/plugins/com.st.stm32cube.ide.mcu.externaltools.gnu-tools-for-stm32.7-2018-q2-update.win32_1.4.0.202007081208/tools/bin/../lib/gcc/arm-none-eabi/7.3.1/../../../../arm-none-eabi/lib/thumb/v7-m/crt0.o (__libc_init_array)
c:/st/stm32cubeide_1.4.0/stm32cubeide/plugins/com.st.stm32cube.ide.mcu.externaltools.gnu-tools-for-stm32.7-2018-q2-update.win32_1.4.0.202007081208/tools/bin/../lib/gcc/arm-none-eabi/7.3.1/../../../../arm-none-eabi/lib/thumb/v7-m\libc_nano.a(lib_a-itoa.o)
                              HAL/STM32F103x6_LCD_Driver/STM32F103x6_LCD_Driver.o (itoa)
c:/st/stm32cubeide_1.4.0/stm32cubeide/plugins/com.st.stm32cube.ide.mcu.externaltools.gnu-tools-for-stm32.7-2018-q2-update.win32_1.4.0.202007081208/tools/bin/../lib/gcc/arm-none-eabi/7.3.1/../../../../arm-none-eabi/lib/thumb/v7-m\libc_nano.a(lib_a-memset.o)
                              c:/st/stm32cubeide_1.4.0/stm32cubeide/plugins/com.st.stm32cube.ide.mcu.externaltools.gnu-tools-for-stm32.7-2018-q2-update.win32_1.4.0.202007081208/tools/bin/../lib/gcc/arm-none-eabi/7.3.1/../../../../arm-none-eabi/lib/thumb/v7-m/crt0.o (memset)
c:/st/stm32cubeide_1.4.0/stm32cubeide/plugins/com.st.stm32cube.ide.mcu.externaltools.gnu-tools-for-stm32.7-2018-q2-update.win32_1.4.0.202007081208/tools/bin/../lib/gcc/arm-none-eabi/7.3.1/../../../../arm-none-eabi/lib/thumb/v7-m\libc_nano.a(lib_a-snprintf.o)
                              HAL/STM32F103x6_LCD_Driver/STM32F103x6_LCD_Driver.o (snprintf)
c:/st/stm32cubeide_1.4.0/stm32cubeide/plugins/com.st.stm32cube.ide.mcu.externaltools.gnu-tools-for-stm32.7-2018-q2-update.win32_1.4.0.202007081208/tools/bin/../lib/gcc/arm-none-eabi/7.3.1/../../../../arm-none-eabi/lib/thumb/v7-m\libc_nano.a(lib_a-utoa.o)
                              c:/st/stm32cubeide_1.4.0/stm32cubeide/plugins/com.st.stm32cube.ide.mcu.externaltools.gnu-tools-for-stm32.7-2018-q2-update.win32_1.4.0.202007081208/tools/bin/../lib/gcc/arm-none-eabi/7.3.1/../../../../arm-none-eabi/lib/thumb/v7-m\libc_nano.a(lib_a-itoa.o) (__utoa)
c:/st/stm32cubeide_1.4.0/stm32cubeide/plugins/com.st.stm32cube.ide.mcu.externaltools.gnu-tools-for-stm32.7-2018-q2-update.win32_1.4.0.202007081208/tools/bin/../lib/gcc/arm-none-eabi/7.3.1/../../../../arm-none-eabi/lib/thumb/v7-m\libc_nano.a(lib_a-nano-svfprintf.o)
                              c:/st/stm32cubeide_1.4.0/stm32cubeide/plugins/com.st.stm32cube.ide.mcu.externaltools.gnu-tools-for-stm32.7-2018-q2-update.win32_1.4.0.202007081208/tools/bin/../lib/gcc/arm-none-eabi/7.3.1/../../../../arm-none-eabi/lib/thumb/v7-m\libc_nano.a(lib_a-snprintf.o) (_svfprintf_r)
c:/st/stm32cubeide_1.4.0/stm32cubeide/plugins/com.st.stm32cube.ide.mcu.externaltools.gnu-tools-for-stm32.7-2018-q2-update.win32_1.4.0.202007081208/tools/bin/../lib/gcc/arm-none-eabi/7.3.1/../../../../arm-none-eabi/lib/thumb/v7-m\libc_nano.a(lib_a-nano-vfprintf_i.o)
                              c:/st/stm32cubeide_1.4.0/stm32cubeide/plugins/com.st.stm32cube.ide.mcu.externaltools.gnu-tools-for-stm32.7-2018-q2-update.win32_1.4.0.202007081208/tools/bin/../lib/gcc/arm-none-eabi/7.3.1/../../../../arm-none-eabi/lib/thumb/v7-m\libc_nano.a(lib_a-nano-svfprintf.o) (_printf_i)
[...]
Memory Configuration

Name             Origin             Length             Attributes
RAM              0x0000000020000000 0x0000000000002800 xrw
ROM              0x0000000008000000 0x0000000000008000 xr
*default*        0x0000000000000000 0xffffffffffffffff

Linker script and memory map

LOAD c:/st/stm32cubeide_1.4.0/stm32cubeide/plugins/com.st.stm32cube.ide.mcu.externaltools.gnu-tools-for-stm32.7-2018-q2-update.win32_1.4.0.202007081208/tools/bin/../lib/gcc/arm-none-eabi/7.3.1/thumb/v7-m/crti.o
LOAD c:/st/stm32cubeide_1.4.0/stm32cubeide/plugins/com.st.stm32cube.ide.mcu.externaltools.gnu-tools-for-stm32.7-2018-q2-update.win32_1.4.0.202007081208/tools/bin/../lib/gcc/arm-none-eabi/7.3.1/thumb/v7-m/crtbegin.o
LOAD c:/st/stm32cubeide_1.4.0/stm32cubeide/plugins/com.st.stm32cube.ide.mcu.externaltools.gnu-tools-for-stm32.7-2018-q2-update.win32_1.4.0.202007081208/tools/bin/../lib/gcc/arm-none-eabi/7.3.1/../../../../arm-none-eabi/lib/thumb/v7-m/crt0.o
LOAD HAL/STM32F103x6_Keypad_Driver/STM32F03x6_Keypad_Driver.o
LOAD HAL/STM32F103x6_LCD_Driver/STM32F103x6_LCD_Driver.o
LOAD MCAL_Drivers/STM32F103x6_EXTI_Driver/STM32F103x6_EXTI_Driver.o
LOAD MCAL_Drivers/STM32F103x6_GPIO_Driver/STM32F103x6_GPIO_Driver.o
LOAD MCAL_Drivers/STM32F103x6_NVIC_Driver/STM32F103x6_NVIC_Driver.o
LOAD MCAL_Drivers/STM32F103x6_RCC_Driver/STM32F103x6_RCC_Driver.o
LOAD MCAL_Drivers/STM32F103x6_USART_Driver/STM32F103x6_USART_Driver.o
LOAD Src/main.o
LOAD Src/syscalls.o
LOAD Src/sysmem.o
LOAD Startup/startup_stm32f103c6tx.o
START GROUP
LOAD c:/st/stm32cubeide_1.4.0/stm32cubeide/plugins/com.st.stm32cube.ide.mcu.externaltools.gnu-tools-for-stm32.7-2018-q2-update.win32_1.4.0.202007081208/tools/bin/../lib/gcc/arm-none-eabi/7.3.1/../../../../arm-none-eabi/lib/thumb/v7-m\libc_nano.a
LOAD c:/st/stm32cubeide_1.4.0/stm32cubeide/plugins/com.st.stm32cube.ide.mcu.externaltools.gnu-tools-for-stm32.7-2018-q2-update.win32_1.4.0.202007081208/tools/bin/../lib/gcc/arm-none-eabi/7.3.1/../../../../arm-none-eabi/lib/thumb/v7-m\libm.a
END GROUP
START GROUP
LOAD c:/st/stm32cubeide_1.4.0/stm32cubeide/plugins/com.st.stm32cube.ide.mcu.externaltools.gnu-tools-for-stm32.7-2018-q2-update.win32_1.4.0.202007081208/tools/bin/../lib/gcc/arm-none-eabi/7.3.1/thumb/v7-m\libgcc.a
LOAD c:/st/stm32cubeide_1.4.0/stm32cubeide/plugins/com.st.stm32cube.ide.mcu.externaltools.gnu-tools-for-stm32.7-2018-q2-update.win32_1.4.0.202007081208/tools/bin/../lib/gcc/arm-none-eabi/7.3.1/../../../../arm-none-eabi/lib/thumb/v7-m\libg_nano.a
LOAD c:/st/stm32cubeide_1.4.0/stm32cubeide/plugins/com.st.stm32cube.ide.mcu.externaltools.gnu-tools-for-stm32.7-2018-q2-update.win32_1.4.0.202007081208/tools/bin/../lib/gcc/arm-none-eabi/7.3.1/../../../../arm-none-eabi/lib/thumb/v7-m\libc_nano.a
END GROUP
START GROUP
LOAD c:/st/stm32cubeide_1.4.0/stm32cubeide/plugins/com.st.stm32cube.ide.mcu.externaltools.gnu-tools-for-stm32.7-2018-q2-update.win32_1.4.0.202007081208/tools/bin/../lib/gcc/arm-none-eabi/7.3.1/thumb/v7-m\libgcc.a
LOAD c:/st/stm32cubeide_1.4.0/stm32cubeide/plugins/com.st.stm32cube.ide.mcu.externaltools.gnu-tools-for-stm32.7-2018-q2-update.win32_1.4.0.202007081208/tools/bin/../lib/gcc/arm-none-eabi/7.3.1/../../../../arm-none-eabi/lib/thumb/v7-m\libc_nano.a
LOAD c:/st/stm32cubeide_1.4.0/stm32cubeide/plugins/com.st.stm32cube.ide.mcu.externaltools.gnu-tools-for-stm32.7-2018-q2-update.win32_1.4.0.202007081208/tools/bin/../lib/gcc/arm-none-eabi/7.3.1/../../../../arm-none-eabi/lib/thumb/v7-m\libnosys.a
END GROUP
START GROUP
LOAD c:/st/stm32cubeide_1.4.0/stm32cubeide/plugins/com.st.stm32cube.ide.mcu.externaltools.gnu-tools-for-stm32.7-2018-q2-update.win32_1.4.0.202007081208/tools/bin/../lib/gcc/arm-none-eabi/7.3.1/thumb/v7-m\libgcc.a
LOAD c:/st/stm32cubeide_1.4.0/stm32cubeide/plugins/com.st.stm32cube.ide.mcu.externaltools.gnu-tools-for-stm32.7-2018-q2-update.win32_1.4.0.202007081208/tools/bin/../lib/gcc/arm-none-eabi/7.3.1/../../../../arm-none-eabi/lib/thumb/v7-m\libc_nano.a
LOAD c:/st/stm32cubeide_1.4.0/stm32cubeide/plugins/com.st.stm32cube.ide.mcu.externaltools.gnu-tools-for-stm32.7-2018-q2-update.win32_1.4.0.202007081208/tools/bin/../lib/gcc/arm-none-eabi/7.3.1/../../../../arm-none-eabi/lib/thumb/v7-m\libnosys.a
END GROUP
LOAD c:/st/stm32cubeide_1.4.0/stm32cubeide/plugins/com.st.stm32cube.ide.mcu.externaltools.gnu-tools-for-stm32.7-2018-q2-update.win32_1.4.0.202007081208/tools/bin/../lib/gcc/arm-none-eabi/7.3.1/thumb/v7-m/crtend.o
LOAD c:/st/stm32cubeide_1.4.0/stm32cubeide/plugins/com.st.stm32cube.ide.mcu.externaltools.gnu-tools-for-stm32.7-2018-q2-update.win32_1.4.0.202007081208/tools/bin/../lib/gcc/arm-none-eabi/7.3.1/thumb/v7-m/crtn.o
                0x0000000020002800                _estack = (ORIGIN (RAM) + LENGTH (RAM))
                0x0000000000000200                _Min_Heap_Size = 0x200
                0x0000000000000400                _Min_Stack_Size = 0x400

.isr_vector     0x0000000008000000      0x130
                0x0000000008000000                . = ALIGN (0x4)
 *(.isr_vector)
 .isr_vector    0x0000000008000000      0x130 Startup/startup_stm32f103c6tx.o
                0x0000000008000000                g_pfnVectors
                0x0000000008000130                . = ALIGN (0x4)

.text           0x0000000008000130      0xd1c
                0x0000000008000130                . = ALIGN (0x4)
 *(.text)
 .text          0x0000000008000130       0x40 c:/st/stm32cubeide_1.4.0/stm32cubeide/plugins/com.st.stm32cube.ide.mcu.externaltools.gnu-tools-for-stm32.7-2018-q2-update.win32_1.4.0.202007081208/tools/bin/../lib/gcc/arm-none-eabi/7.3.1/thumb/v7-m/crtbegin.o
 *(.text*)
 .text.EXTI0_IRQHandler
                0x0000000008000170       0x24 MCAL_Drivers/STM32F103x6_EXTI_Driver/STM32F103x6_EXTI_Driver.o
                0x0000000008000170                EXTI0_IRQHandler
 .text.EXTI1_IRQHandler
                0x0000000008000194       0x24 MCAL_Drivers/STM32F103x6_EXTI_Driver/STM32F103x6_EXTI_Driver.o
                0x0000000008000194                EXTI1_IRQHandler
 .text.EXTI2_IRQHandler
                0x00000000080001b8       0x24 MCAL_Drivers/STM32F103x6_EXTI_Driver/STM32F103x6_EXTI_Driver.o
                0x00000000080001b8                EXTI2_IRQHandler
 .text.EXTI3_IRQHandler
                0x00000000080001dc       0x24 MCAL_Drivers/STM32F103x6_EXTI_Driver/STM32F103x6_EXTI_Driver.o
                0x00000000080001dc                EXTI3_IRQHandler
 .text.EXTI4_IRQHandler
                0x0000000008000200       0x24 MCAL_Drivers/STM32F103x6_EXTI_Driver/STM32F103x6_EXTI_Driver.o
                0x0000000008000200                EXTI4_IRQHandler
 .text.EXTI9_5_IRQHandler
                0x0000000008000224       0xa8 MCAL_Drivers/STM32F103x6_EXTI_Driver/STM32F103x6_EXTI_Driver.o
                0x0000000008000224                EXTI9_5_IRQHandler
 .text.EXTI15_10_IRQHandler
                0x00000000080002cc       0xc4 MCAL_Drivers/STM32F103x6_EXTI_Driver/STM32F103x6_EXTI_Driver.o
                0x00000000080002cc                EXTI15_10_IRQHandler
 .text.getShiftPosition
                0x0000000008000390       0xa4 MCAL_Drivers/STM32F103x6_GPIO_Driver/STM32F103x6_GPIO_Driver.o
                0x0000000008000390                getShiftPosition
 .text.MCAL_GPIO_Init
                0x0000000008000434       0xe8 MCAL_Drivers/STM32F103x6_GPIO_Driver/STM32F103x6_GPIO_Driver.o
                0x0000000008000434                MCAL_GPIO_Init
 .text.MCAL_NVIC_EnableIRQ
                0x000000000800051c       0x46 MCAL_Drivers/STM32F103x6_NVIC_Driver/STM32F103x6_NVIC_Driver.o
                0x000000000800051c                MCAL_NVIC_EnableIRQ
 .text.RCC_ExtractInfo
                0x0000000008000562       0x2e MCAL_Drivers/STM32F103x6_RCC_Driver/STM32F103x6_RCC_Driver.o
                0x0000000008000562                RCC_ExtractInfo
 .text.MCAL_RCC_EnablePeripheralClock
                0x0000000008000590       0x64 MCAL_Drivers/STM32F103x6_RCC_Driver/STM32F103x6_RCC_Driver.o
                0x0000000008000590                MCAL_RCC_EnablePeripheralClock
 .text.MCAL_RCC_GetSYSCLKFrequency
                0x00000000080005f4       0x14 MCAL_Drivers/STM32F103x6_RCC_Driver/STM32F103x6_RCC_Driver.o
                0x00000000080005f4                MCAL_RCC_GetSYSCLKFrequency
 .text.MCAL_RCC_GetHCLKFrequency
                0x0000000008000608       0x2c MCAL_Drivers/STM32F103x6_RCC_Driver/STM32F103x6_RCC_Driver.o
                0x0000000008000608                MCAL_RCC_GetHCLKFrequency
 .text.MCAL_RCC_GetPCLK1Frequency
                0x0000000008000634       0x28 MCAL_Drivers/STM32F103x6_RCC_Driver/STM32F103x6_RCC_Driver.o
                0x0000000008000634                MCAL_RCC_GetPCLK1Frequency
 .text.MCAL_RCC_GetPCLK2Frequency
                0x000000000800065c       0x28 MCAL_Drivers/STM32F103x6_RCC_Driver/STM32F103x6_RCC_Driver.o
                0x000000000800065c                MCAL_RCC_GetPCLK2Frequency
 .text.UART_BRR_Calculations
                0x0000000008000684       0x78 MCAL_Drivers/STM32F103x6_USART_Driver/STM32F103x6_USART_Driver.o
                0x0000000008000684                UART_BRR_Calculations
 .text.ConfigureMapped_GPIO_PINS
                0x00000000080006fc      0x18c MCAL_Drivers/STM32F103x6_USART_Driver/STM32F103x6_USART_Driver.o
                0x00000000080006fc                ConfigureMapped_GPIO_PINS
 .text.USART_IRQHandler
                0x0000000008000888      0x176 MCAL_Drivers/STM32F103x6_USART_Driver/STM32F103x6_USART_Driver.o
                0x0000000008000888                USART_IRQHandler
 .text.MCAL_USART_Init
                0x00000000080009fe       0xe6 MCAL_Drivers/STM32F103x6_USART_Driver/STM32F103x6_USART_Driver.o
                0x00000000080009fe                MCAL_USART_Init
 .text.MCAL_USART_SendData
                0x0000000008000ae4       0x50 MCAL_Drivers/STM32F103x6_USART_Driver/STM32F103x6_USART_Driver.o
                0x0000000008000ae4                MCAL_USART_SendData
 .text.MCAL_USART_ReceiveData
                0x0000000008000b34       0x90 MCAL_Drivers/STM32F103x6_USART_Driver/STM32F103x6_USART_Driver.o
                0x0000000008000b34                MCAL_USART_ReceiveData
 .text.MCAL_USART_Enable_Interrupt
                0x0000000008000bc4       0xc0 MCAL_Drivers/STM32F103x6_USART_Driver/STM32F103x6_USART_Driver.o
                0x0000000008000bc4                MCAL_USART_Enable_Interrupt
 .text.USART1_IRQHandler
                0x0000000008000c84       0x18 MCAL_Drivers/STM32F103x6_USART_Driver/STM32F103x6_USART_Driver.o
                0x0000000008000c84                USART1_IRQHandler
 .text.USART2_IRQHandler
                0x0000000008000c9c       0x18 MCAL_Drivers/STM32F103x6_USART_Driver/STM32F103x6_USART_Driver.o
                0x0000000008000c9c                USART2_IRQHandler
 .text.USART3_IRQHandler
                0x0000000008000cb4       0x18 MCAL_Drivers/STM32F103x6_USART_Driver/STM32F103x6_USART_Driver.o
                0x0000000008000cb4                USART3_IRQHandler
 .text.main     0x0000000008000ccc       0x20 Src/main.o
                0x0000000008000ccc                main
 .text.clock_init
                0x0000000008000cec       0x30 Src/main.o
                0x0000000008000cec                clock_init
 .text.USART_init
                0x0000000008000d1c       0x54 Src/main.o
                0x0000000008000d1c                USART_init
 .text.IRQ_Callback
                0x0000000008000d70       0x28 Src/main.o
                0x0000000008000d70                IRQ_Callback
 .text.Reset_Handler
                0x0000000008000d98       0x50 Startup/startup_stm32f103c6tx.o
                0x0000000008000d98                Reset_Handler
 .text.Default_Handler
                0x0000000008000de8        0x2 Startup/startup_stm32f103c6tx.o
                0x0000000008000de8                TIM8_TRG_COM_IRQHandler
                0x0000000008000de8                TIM8_CC_IRQHandler
                0x0000000008000de8                DebugMon_Handler
                0x0000000008000de8                TIM1_CC_IRQHandler
                0x0000000008000de8                HardFault_Handler
                0x0000000008000de8                TIM6_IRQHandler
                0x0000000008000de8                SysTick_Handler
                0x0000000008000de8                PVD_IRQHandler
                0x0000000008000de8                SDIO_IRQHandler
                0x0000000008000de8                PendSV_Handler
                0x0000000008000de8                NMI_Handler
                0x0000000008000de8                USB_HP_CAN_TX_IRQHandler
                0x0000000008000de8                I2C2_EV_IRQHandler
                0x0000000008000de8                UsageFault_Handler
                0x0000000008000de8                ADC1_2_IRQHandler
                0x0000000008000de8                SPI1_IRQHandler
                0x0000000008000de8                CAN_SCE_IRQHandler
                0x0000000008000de8                TAMPER_IRQHandler
                0x0000000008000de8                TIM8_UP_IRQHandler
                0x0000000008000de8                DMA2_Channel2_IRQHandler
                0x0000000008000de8                DMA1_Channel4_IRQHandler
                0x0000000008000de8                RTC_IRQHandler
                0x0000000008000de8                DMA1_Channel7_IRQHandler
                0x0000000008000de8                UART5_IRQHandler
                0x0000000008000de8                ADC3_IRQHandler
                0x0000000008000de8                TIM4_IRQHandler
                0x0000000008000de8                CAN_RX1_IRQHandler
                0x0000000008000de8                DMA2_Channel1_IRQHandler
                0x0000000008000de8                I2C1_EV_IRQHandler
                0x0000000008000de8                DMA1_Channel6_IRQHandler
                0x0000000008000de8                UART4_IRQHandler
                0x0000000008000de8                TIM3_IRQHandler
                0x0000000008000de8                RCC_IRQHandler
                0x0000000008000de8                TIM1_TRG_COM_IRQHandler
                0x0000000008000de8                DMA1_Channel1_IRQHandler
                0x0000000008000de8                Default_Handler
                0x0000000008000de8                TIM7_IRQHandler
                0x0000000008000de8                TIM5_IRQHandler
                0x0000000008000de8                SPI2_IRQHandler
                0x0000000008000de8                USB_LP_CAN_RX0_IRQHandler
                0x0000000008000de8                MemManage_Handler
                0x0000000008000de8                SVC_Handler
                0x0000000008000de8                DMA1_Channel5_IRQHandler
                0x0000000008000de8                DMA1_Channel3_IRQHandler
                0x0000000008000de8                FSMC_IRQHandler
                0x0000000008000de8                TIM1_UP_IRQHandler
                0x0000000008000de8                WWDG_IRQHandler
                0x0000000008000de8                TIM2_IRQHandler
                0x0000000008000de8                TIM1_BRK_IRQHandler
                0x0000000008000de8                RTCAlarm_IRQHandler
                0x0000000008000de8                DMA2_Channel4_5_IRQHandler
                0x0000000008000de8                I2C2_ER_IRQHandler
                0x0000000008000de8                DMA1_Channel2_IRQHandler
                0x0000000008000de8                TIM8_BRK_IRQHandler
                0x0000000008000de8                FLASH_IRQHandler
                0x0000000008000de8                BusFault_Handler
                0x0000000008000de8                SPI3_IRQHandler
                0x0000000008000de8                I2C1_ER_IRQHandler
                0x0000000008000de8                DMA2_Channel3_IRQHandler
 *fill*         0x0000000008000dea        0x2 
 .text.__libc_init_array
                0x0000000008000dec       0x48 c:/st/stm32cubeide_1.4.0/stm32cubeide/plugins/com.st.stm32cube.ide.mcu.externaltools.gnu-tools-for-stm32.7-2018-q2-update.win32_1.4.0.202007081208/tools/bin/../lib/gcc/arm-none-eabi/7.3.1/../../../../arm-none-eabi/lib/thumb/v7-m\libc_nano.a(lib_a-init.o)
                0x0000000008000dec                __libc_init_array
 *(.glue_7)
 .glue_7        0x0000000008000e34        0x0 linker stubs
 *(.glue_7t)
 .glue_7t       0x0000000008000e34        0x0 linker stubs
 *(.eh_frame)
 .eh_frame      0x0000000008000e34        0x0 c:/st/stm32cubeide_1.4.0/stm32cubeide/plugins/com.st.stm32cube.ide.mcu.externaltools.gnu-tools-for-stm32.7-2018-q2-update.win32_1.4.0.202007081208/tools/bin/../lib/gcc/arm-none-eabi/7.3.1/thumb/v7-m/crtbegin.o
 *(.init)
 .init          0x0000000008000e34        0x4 c:/st/stm32cubeide_1.4.0/stm32cubeide/plugins/com.st.stm32cube.ide.mcu.externaltools.gnu-tools-for-stm32.7-2018-q2-update.win32_1.4.0.202007081208/tools/bin/../lib/gcc/arm-none-eabi/7.3.1/thumb/v7-m/crti.o
                0x0000000008000e34                _init
 .init          0x0000000008000e38        0x8 c:/st/stm32cubeide_1.4.0/stm32cubeide/plugins/com.st.stm32cube.ide.mcu.externaltools.gnu-tools-for-stm32.7-2018-q2-update.win32_1.4.0.202007081208/tools/bin/../lib/gcc/arm-none-eabi/7.3.1/thumb/v7-m/crtn.o
 *(.fini)
 .fini          0x0000000008000e40        0x4 c:/st/stm32cubeide_1.4.0/stm32cubeide/plugins/com.st.stm32cube.ide.mcu.externaltools.gnu-tools-for-stm32.7-2018-q2-update.win32_1.4.0.202007081208/tools/bin/../lib/gcc/arm-none-eabi/7.3.1/thumb/v7-m/crti.o
                0x0000000008000e40                _fini
 .fini          0x0000000008000e44        0x8 c:/st/stm32cubeide_1.4.0/stm32cubeide/plugins/com.st.stm32cube.ide.mcu.externaltools.gnu-tools-for-stm32.7-2018-q2-update.win32_1.4.0.202007081208/tools/bin/../lib/gcc/arm-none-eabi/7.3.1/thumb/v7-m/crtn.o
                0x0000000008000e4c                . = ALIGN (0x4)
                0x0000000008000e4c                _etext = .

.vfp11_veneer   0x0000000008000e4c        0x0
 .vfp11_veneer  0x0000000008000e4c        0x0 linker stubs

.v4_bx          0x0000000008000e4c        0x0
 .v4_bx         0x0000000008000e4c        0x0 linker stubs

.iplt           0x0000000008000e4c        0x0
 .iplt          0x0000000008000e4c        0x0 c:/st/stm32cubeide_1.4.0/stm32cubeide/plugins/com.st.stm32cube.ide.mcu.externaltools.gnu-tools-for-stm32.7-2018-q2-update.win32_1.4.0.202007081208/tools/bin/../lib/gcc/arm-none-eabi/7.3.1/thumb/v7-m/crtbegin.o

.rodata         0x0000000008000e4c       0x28
                0x0000000008000e4c                . = ALIGN (0x4)
 *(.rodata)
 *(.rodata*)
 .rodata.AHPPrescalar
                0x0000000008000e4c       0x20 MCAL_Drivers/STM32F103x6_RCC_Driver/STM32F103x6_RCC_Driver.o
                0x0000000008000e4c                AHPPrescalar
 .rodata.APBPrescalar
                0x0000000008000e6c        0x8 MCAL_Drivers/STM32F103x6_RCC_Driver/STM32F103x6_RCC_Driver.o
                0x0000000008000e6c                APBPrescalar
                0x0000000008000e74                . = ALIGN (0x4)

.rel.dyn        0x0000000008000e74        0x0
 .rel.iplt      0x0000000008000e74        0x0 c:/st/stm32cubeide_1.4.0/stm32cubeide/plugins/com.st.stm32cube.ide.mcu.externaltools.gnu-tools-for-stm32.7-2018-q2-update.win32_1.4.0.202007081208/tools/bin/../lib/gcc/arm-none-eabi/7.3.1/thumb/v7-m/crtbegin.o

.ARM.extab      0x0000000008000e74        0x0
                0x0000000008000e74                . = ALIGN (0x4)
 *(.ARM.extab* .gnu.linkonce.armextab.*)
                0x0000000008000e74                . = ALIGN (0x4)

.ARM            0x0000000008000e74        0x0
                0x0000000008000e74                . = ALIGN (0x4)
                0x0000000008000e74                __exidx_start = .
 *(.ARM.exidx*)
                0x0000000008000e74                __exidx_end = .
                0x0000000008000e74                . = ALIGN (0x4)

.preinit_array  0x0000000008000e74        0x0
                0x0000000008000e74                . = ALIGN (0x4)
                0x0000000008000e74                PROVIDE (__preinit_array_start = .)
 *(.preinit_array*)
                0x0000000008000e74                PROVIDE (__preinit_array_end = .)
                0x0000000008000e74                . = ALIGN (0x4)

.init_array     0x0000000008000e74        0x4
                0x0000000008000e74                . = ALIGN (0x4)
                0x0000000008000e74                PROVIDE (__init_array_start = .)
 *(SORT_BY_NAME(.init_array.*))
 *(.init_array*)
 .init_array    0x0000000008000e74        0x4 c:/st/stm32cubeide_1.4.0/stm32cubeide/plugins/com.st.stm32cube.ide.mcu.externaltools.gnu-tools-for-stm32.7-2018-q2-update.win32_1.4.0.202007081208/tools/bin/../lib/gcc/arm-none-eabi/7.3.1/thumb/v7-m/crtbegin.o
                0x0000000008000e78                PROVIDE (__init_array_end = .)
                0x0000000008000e78                . = ALIGN (0x4)

.fini_array     0x0000000008000e78        0x4
                0x0000000008000e78                . = ALIGN (0x4)
                [!provide]                        PROVIDE (__fini_array_start = .)
 *(SORT_BY_NAME(.fini_array.*))
 *(.fini_array*)
 .fini_array    0x0000000008000e78        0x4 c:/st/stm32cubeide_1.4.0/stm32cubeide/plugins/com.st.stm32cube.ide.mcu.externaltools.gnu-tools-for-stm32.7-2018-q2-update.win32_1.4.0.202007081208/tools/bin/../lib/gcc/arm-none-eabi/7.3.1/thumb/v7-m/crtbegin.o
                [!provide]                        PROVIDE (__fini_array_end = .)
                0x0000000008000e7c                . = ALIGN (0x4)
                0x0000000008000e7c                _sidata = LOADADDR (.data)

.data           0x0000000020000000        0x0 load address 0x0000000008000e7c
                0x0000000020000000                . = ALIGN (0x4)
                0x0000000020000000                _sdata = .
 *(.data)
 *(.data*)
                0x0000000020000000                . = ALIGN (0x4)
                0x0000000020000000                _edata = .

.igot.plt       0x0000000020000000        0x0 load address 0x0000000008000e7c
 .igot.plt      0x0000000020000000        0x0 c:/st/stm32cubeide_1.4.0/stm32cubeide/plugins/com.st.stm32cube.ide.mcu.externaltools.gnu-tools-for-stm32.7-2018-q2-update.win32_1.4.0.202007081208/tools/bin/../lib/gcc/arm-none-eabi/7.3.1/thumb/v7-m/crtbegin.o
                0x0000000020000000                . = ALIGN (0x4)

.bss            0x0000000020000000      0x104 load address 0x0000000008000e7c
                0x0000000020000000                _sbss = .
                0x0000000020000000                __bss_start__ = _sbss
 *(.bss)
 .bss           0x0000000020000000       0x1c c:/st/stm32cubeide_1.4.0/stm32cubeide/plugins/com.st.stm32cube.ide.mcu.externaltools.gnu-tools-for-stm32.7-2018-q2-update.win32_1.4.0.202007081208/tools/bin/../lib/gcc/arm-none-eabi/7.3.1/thumb/v7-m/crtbegin.o
 *(.bss*)
 *(COMMON)
 COMMON         0x000000002000001c       0x3c MCAL_Drivers/STM32F103x6_EXTI_Driver/STM32F103x6_EXTI_Driver.o
                0x000000002000001c                GP_IRQ_Callback
 COMMON         0x0000000020000058       0x90 MCAL_Drivers/STM32F103x6_USART_Driver/STM32F103x6_USART_Driver.o
                0x0000000020000058                p_IRQ_callback_USART1
                0x0000000020000084                p_IRQ_callback_USART2
                0x00000000200000b0                Global_USARTcfg
                0x00000000200000bc                p_IRQ_callback_USART3
 COMMON         0x00000000200000e8       0x1c Src/main.o
                0x00000000200000e8                USART1Cfg
                0x0000000020000104                . = ALIGN (0x4)
                0x0000000020000104                _ebss = .
                0x0000000020000104                __bss_end__ = _ebss

._user_heap_stack
                0x0000000020000104      0x604 load address 0x0000000008000e7c
                0x0000000020000108                . = ALIGN (0x8)
 *fill*         0x0000000020000104        0x4 
                [!provide]                        PROVIDE (end = .)
                0x0000000020000108                PROVIDE (_end = .)
                0x0000000020000308                . = (. + _Min_Heap_Size)
 *fill*         0x0000000020000108      0x200 
                0x0000000020000708                . = (. + _Min_Stack_Size)
 *fill*         0x0000000020000308      0x400 
                0x0000000020000708                . = ALIGN (0x8)

/DISCARD/
 libc.a(*)
 libm.a(*)
 libgcc.a(*)

.ARM.attributes
                0x0000000000000000       0x29
 *(.ARM.attributes)
 .ARM.attributes
                0x0000000000000000       0x1d c:/st/stm32cubeide_1.4.0/stm32cubeide/plugins/com.st.stm32cube.ide.mcu.externaltools.gnu-tools-for-stm32.7-2018-q2-update.win32_1.4.0.202007081208/tools/bin/../lib/gcc/arm-none-eabi/7.3.1/thumb/v7-m/crti.o
 .ARM.attributes
                0x000000000000001d       0x2d c:/st/stm32cubeide_1.4.0/stm32cubeide/plugins/com.st.stm32cube.ide.mcu.externaltools.gnu-tools-for-stm32.7-2018-q2-update.win32_1.4.0.202007081208/tools/bin/../lib/gcc/arm-none-eabi/7.3.1/thumb/v7-m/crtbegin.o
 .ARM.attributes
                0x000000000000004a       0x33 MCAL_Drivers/STM32F103x6_EXTI_Driver/STM32F103x6_EXTI_Driver.o
 .ARM.attributes
                0x000000000000007d       0x33 MCAL_Drivers/STM32F103x6_GPIO_Driver/STM32F103x6_GPIO_Driver.o
 .ARM.attributes
                0x00000000000000b0       0x33 MCAL_Drivers/STM32F103x6_NVIC_Driver/STM32F103x6_NVIC_Driver.o
 .ARM.attributes
                0x00000000000000e3       0x33 MCAL_Drivers/STM32F103x6_RCC_Driver/STM32F103x6_RCC_Driver.o
 .ARM.attributes
                0x0000000000000116       0x33 MCAL_Drivers/STM32F103x6_USART_Driver/STM32F103x6_USART_Driver.o
 .ARM.attributes
                0x0000000000000149       0x33 Src/main.o
 .ARM.attributes
                0x000000000000017c       0x21 Startup/startup_stm32f103c6tx.o
 .ARM.attributes
                0x000000000000019d       0x2d c:/st/stm32cubeide_1.4.0/stm32cubeide/plugins/com.st.stm32cube.ide.mcu.externaltools.gnu-tools-for-stm32.7-2018-q2-update.win32_1.4.0.202007081208/tools/bin/../lib/gcc/arm-none-eabi/7.3.1/../../../../arm-none-eabi/lib/thumb/v7-m\libc_nano.a(lib_a-init.o)
 .ARM.attributes
                0x00000000000001ca       0x1d c:/st/stm32cubeide_1.4.0/stm32cubeide/plugins/com.st.stm32cube.ide.mcu.externaltools.gnu-tools-for-stm32.7-2018-q2-update.win32_1.4.0.202007081208/tools/bin/../lib/gcc/arm-none-eabi/7.3.1/thumb/v7-m/crtn.o
OUTPUT(STM32_Drivers.elf elf32-littlearm)

.debug_info     0x0000000000000000     0x4ed4
 .debug_info    0x0000000000000000      0xdce MCAL_Drivers/STM32F103x6_EXTI_Driver/STM32F103x6_EXTI_Driver.o
 .debug_info    0x0000000000000dce      0xde4 MCAL_Drivers/STM32F103x6_GPIO_Driver/STM32F103x6_GPIO_Driver.o
 .debug_info    0x0000000000001bb2      0xb8d MCAL_Drivers/STM32F103x6_NVIC_Driver/STM32F103x6_NVIC_Driver.o
 .debug_info    0x000000000000273f      0xc8b MCAL_Drivers/STM32F103x6_RCC_Driver/STM32F103x6_RCC_Driver.o
 .debug_info    0x00000000000033ca      0xf36 MCAL_Drivers/STM32F103x6_USART_Driver/STM32F103x6_USART_Driver.o
 .debug_info    0x0000000000004300      0xbb2 Src/main.o
 .debug_info    0x0000000000004eb2       0x22 Startup/startup_stm32f103c6tx.o

.debug_abbrev   0x0000000000000000      0xbb8
 .debug_abbrev  0x0000000000000000      0x1ee MCAL_Drivers/STM32F103x6_EXTI_Driver/STM32F103x6_EXTI_Driver.o
 .debug_abbrev  0x00000000000001ee      0x221 MCAL_Drivers/STM32F103x6_GPIO_Driver/STM32F103x6_GPIO_Driver.o
 .debug_abbrev  0x000000000000040f      0x1aa MCAL_Drivers/STM32F103x6_NVIC_Driver/STM32F103x6_NVIC_Driver.o
 .debug_abbrev  0x00000000000005b9      0x1dc MCAL_Drivers/STM32F103x6_RCC_Driver/STM32F103x6_RCC_Driver.o
 .debug_abbrev  0x0000000000000795      0x23b MCAL_Drivers/STM32F103x6_USART_Driver/STM32F103x6_USART_Driver.o
 .debug_abbrev  0x00000000000009d0      0x1d6 Src/main.o
 .debug_abbrev  0x0000000000000ba6       0x12 Startup/startup_stm32f103c6tx.o

.debug_loc      0x0000000000000000     0x106c
 .debug_loc     0x0000000000000000      0x320 MCAL_Drivers/STM32F103x6_EXTI_Driver/STM32F103x6_EXTI_Driver.o
 .debug_loc     0x0000000000000320      0x38c MCAL_Drivers/STM32F103x6_GPIO_Driver/STM32F103x6_GPIO_Driver.o
 .debug_loc     0x00000000000006ac      0x2e0 MCAL_Drivers/STM32F103x6_NVIC_Driver/STM32F103x6_NVIC_Driver.o
 .debug_loc     0x000000000000098c      0x214 MCAL_Drivers/STM32F103x6_RCC_Driver/STM32F103x6_RCC_Driver.o
 .debug_loc     0x0000000000000ba0      0x3d4 MCAL_Drivers/STM32F103x6_USART_Driver/STM32F103x6_USART_Driver.o
 .debug_loc     0x0000000000000f74       0xf8 Src/main.o

.debug_aranges  0x0000000000000000      0x278
 .debug_aranges
                0x0000000000000000       0x80 MCAL_Drivers/STM32F103x6_EXTI_Driver/STM32F103x6_EXTI_Driver.o
 .debug_aranges
                0x0000000000000080       0x68 MCAL_Drivers/STM32F103x6_GPIO_Driver/STM32F103x6_GPIO_Driver.o
 .debug_aranges
                0x00000000000000e8       0x58 MCAL_Drivers/STM32F103x6_NVIC_Driver/STM32F103x6_NVIC_Driver.o
 .debug_aranges
                0x0000000000000140       0x58 MCAL_Drivers/STM32F103x6_RCC_Driver/STM32F103x6_RCC_Driver.o
 .debug_aranges
                0x0000000000000198       0x80 MCAL_Drivers/STM32F103x6_USART_Driver/STM32F103x6_USART_Driver.o
 .debug_aranges
                0x0000000000000218       0x38 Src/main.o
 .debug_aranges
                0x0000000000000250       0x28 Startup/startup_stm32f103c6tx.o

.debug_ranges   0x0000000000000000      0x210
 .debug_ranges  0x0000000000000000       0x70 MCAL_Drivers/STM32F103x6_EXTI_Driver/STM32F103x6_EXTI_Driver.o
 .debug_ranges  0x0000000000000070       0x58 MCAL_Drivers/STM32F103x6_GPIO_Driver/STM32F103x6_GPIO_Driver.o
 .debug_ranges  0x00000000000000c8       0x48 MCAL_Drivers/STM32F103x6_NVIC_Driver/STM32F103x6_NVIC_Driver.o
 .debug_ranges  0x0000000000000110       0x48 MCAL_Drivers/STM32F103x6_RCC_Driver/STM32F103x6_RCC_Driver.o
 .debug_ranges  0x0000000000000158       0x70 MCAL_Drivers/STM32F103x6_USART_Driver/STM32F103x6_USART_Driver.o
 .debug_ranges  0x00000000000001c8       0x28 Src/main.o
 .debug_ranges  0x00000000000001f0       0x20 Startup/startup_stm32f103c6tx.o

.debug_macro    0x0000000000000000     0x1543
 .debug_macro   0x0000000000000000      0x213 MCAL_Drivers/STM32F103x6_EXTI_Driver/STM32F103x6_EXTI_Driver.o
 .debug_macro   0x0000000000000213      0x287 MCAL_Drivers/STM32F103x6_EXTI_Driver/STM32F103x6_EXTI_Driver.o
 .debug_macro   0x000000000000049a      0x1ec MCAL_Drivers/STM32F103x6_GPIO_Driver/STM32F103x6_GPIO_Driver.o
 .debug_macro   0x0000000000000686      0x1e8 MCAL_Drivers/STM32F103x6_NVIC_Driver/STM32F103x6_NVIC_Driver.o
 .debug_macro   0x000000000000086e      0x1cc MCAL_Drivers/STM32F103x6_NVIC_Driver/STM32F103x6_NVIC_Driver.o
 .debug_macro   0x0000000000000a3a      0x1ec MCAL_Drivers/STM32F103x6_RCC_Driver/STM32F103x6_RCC_Driver.o
 .debug_macro   0x0000000000000c26      0x148 MCAL_Drivers/STM32F103x6_RCC_Driver/STM32F103x6_RCC_Driver.o
 .debug_macro   0x0000000000000d6e      0x211 MCAL_Drivers/STM32F103x6_USART_Driver/STM32F103x6_USART_Driver.o
 .debug_macro   0x0000000000000f7f       0xd6 MCAL_Drivers/STM32F103x6_USART_Driver/STM32F103x6_USART_Driver.o
 .debug_macro   0x0000000000001055      0x1a2 MCAL_Drivers/STM32F103x6_USART_Driver/STM32F103x6_USART_Driver.o
 .debug_macro   0x00000000000011f7      0x14e MCAL_Drivers/STM32F103x6_USART_Driver/STM32F103x6_USART_Driver.o
 .debug_macro   0x0000000000001345      0x1fe Src/main.o

.debug_line     0x0000000000000000     0x3034
 .debug_line    0x0000000000000000      0x8e8 MCAL_Drivers/STM32F103x6_EXTI_Driver/STM32F103x6_EXTI_Driver.o
 .debug_line    0x00000000000008e8      0x7d9 MCAL_Drivers/STM32F103x6_GPIO_Driver/STM32F103x6_GPIO_Driver.o
 .debug_line    0x00000000000010c1      0x6db MCAL_Drivers/STM32F103x6_NVIC_Driver/STM32F103x6_NVIC_Driver.o
 .debug_line    0x000000000000179c      0x757 MCAL_Drivers/STM32F103x6_RCC_Driver/STM32F103x6_RCC_Driver.o
 .debug_line    0x0000000000001ef3      0x94a MCAL_Drivers/STM32F103x6_USART_Driver/STM32F103x6_USART_Driver.o
 .debug_line    0x000000000000283d      0x773 Src/main.o
 .debug_line    0x0000000000002fb0       0x84 Startup/startup_stm32f103c6tx.o

.debug_str      0x0000000000000000     0xc936
 .debug_str     0x0000000000000000     0xa9fe MCAL_Drivers/STM32F103x6_EXTI_Driver/STM32F103x6_EXTI_Driver.o
                                       0xac5b (size before relaxing)
 .debug_str     0x000000000000a9fe      0x1ab MCAL_Drivers/STM32F103x6_GPIO_Driver/STM32F103x6_GPIO_Driver.o
                                       0x96d6 (size before relaxing)
 .debug_str     0x000000000000aba9      0x8b2 MCAL_Drivers/STM32F103x6_NVIC_Driver/STM32F103x6_NVIC_Driver.o
                                       0x9adb (size before relaxing)
 .debug_str     0x000000000000b45b      0xaa5 MCAL_Drivers/STM32F103x6_RCC_Driver/STM32F103x6_RCC_Driver.o
                                       0x9d56 (size before relaxing)
 .debug_str     0x000000000000bf00      0x9cb MCAL_Drivers/STM32F103x6_USART_Driver/STM32F103x6_USART_Driver.o
                                       0xb010 (size before relaxing)
 .debug_str     0x000000000000c8cb       0x3a Src/main.o
                                       0xa644 (size before relaxing)
 .debug_str     0x000000000000c905       0x31 Startup/startup_stm32f103c6tx.o
                                         0x71 (size before relaxing)

.comment        0x0000000000000000       0x7b
 .comment       0x0000000000000000       0x7b MCAL_Drivers/STM32F103x6_EXTI_Driver/STM32F103x6_EXTI_Driver.o
                                         0x7c (size before relaxing)
 .comment       0x000000000000007b       0x7c MCAL_Drivers/STM32F103x6_GPIO_Driver/STM32F103x6_GPIO_Driver.o
 .comment       0x000000000000007b       0x7c MCAL_Drivers/STM32F103x6_NVIC_Driver/STM32F103x6_NVIC_Driver.o
 .comment       0x000000000000007b       0x7c MCAL_Drivers/STM32F103x6_RCC_Driver/STM32F103x6_RCC_Driver.o
 .comment       0x000000000000007b       0x7c MCAL_Drivers/STM32F103x6_USART_Driver/STM32F103x6_USART_Driver.o
 .comment       0x000000000000007b       0x7c Src/main.o

.debug_frame    0x0000000000000000      0x84c
 .debug_frame   0x0000000000000000      0x1b0 MCAL_Drivers/STM32F103x6_EXTI_Driver/STM32F103x6_EXTI_Driver.o
 .debug_frame   0x00000000000001b0      0x19c MCAL_Drivers/STM32F103x6_GPIO_Driver/STM32F103x6_GPIO_Driver.o
 .debug_frame   0x000000000000034c      0x150 MCAL_Drivers/STM32F103x6_NVIC_Driver/STM32F103x6_NVIC_Driver.o
 .debug_frame   0x000000000000049c      0x118 MCAL_Drivers/STM32F103x6_RCC_Driver/STM32F103x6_RCC_Driver.o
 .debug_frame   0x00000000000005b4      0x1dc MCAL_Drivers/STM32F103x6_USART_Driver/STM32F103x6_USART_Driver.o
 .debug_frame   0x0000000000000790       0x90 Src/main.o
 .debug_frame   0x0000000000000820       0x2c c:/st/stm32cubeide_1.4.0/stm32cubeide/plugins/com.st.stm32cube.ide.mcu.externaltools.gnu-tools-for-stm32.7-2018-q2-update.win32_1.4.0.202007081208/tools/bin/../lib/gcc/arm-none-eabi/7.3.1/../../../../arm-none-eabi/lib/thumb/v7-m\libc_nano.a(lib_a-init.o)
